Component: ARM Compiler 5.05 update 2 (build 169) Tool: armlink [4d0f33]

==============================================================================

Section Cross References

    main.o(i.main) refers to nrf_drv_ws2812.o(i.nrf_drv_WS2812_init) for nrf_drv_WS2812_init
    main.o(i.main) refers to nrf_drv_ws2812.o(i.nrf_drv_WS2812_set_pixel) for nrf_drv_WS2812_set_pixel
    main.o(i.main) refers to nrf_drv_ws2812.o(i.nrf_drv_WS2812_show) for nrf_drv_WS2812_show
    main.o(i.main) refers to nrf_delay.o(i.nrf_delay_ms) for nrf_delay_ms
    nrf_drv_ws2812.o(i.nrf_drv_WS2812_init) refers to nrf_drv_ws2812.o(.bss) for WS2812_pwm_seq
    nrf_drv_ws2812.o(i.nrf_drv_WS2812_set_pixel) refers to nrf_drv_ws2812.o(.bss) for pixels
    nrf_drv_ws2812.o(i.nrf_drv_WS2812_show) refers to nrf_drv_ws2812.o(.bss) for pixels
    bsp.o(i.bsp_button_event_handler) refers to app_timer.o(i.app_timer_start) for app_timer_start
    bsp.o(i.bsp_button_event_handler) refers to app_timer.o(i.app_timer_stop) for app_timer_stop
    bsp.o(i.bsp_button_event_handler) refers to bsp.o(.constdata) for m_buttons_list
    bsp.o(i.bsp_button_event_handler) refers to bsp.o(.bss) for m_events_list
    bsp.o(i.bsp_button_event_handler) refers to bsp.o(.data) for m_app_ticks_per_100ms
    bsp.o(i.bsp_button_is_pressed) refers to bsp.o(.constdata) for m_buttons_list
    bsp.o(i.bsp_buttons_disable) refers to app_button.o(i.app_button_disable) for app_button_disable
    bsp.o(i.bsp_buttons_enable) refers to app_button.o(i.app_button_enable) for app_button_enable
    bsp.o(i.bsp_buttons_state_get) refers to bsp.o(.constdata) for m_buttons_list
    bsp.o(i.bsp_event_to_button_action_assign) refers to bsp.o(.bss) for m_events_list
    bsp.o(i.bsp_indication_set) refers to bsp.o(i.bsp_led_indication) for bsp_led_indication
    bsp.o(i.bsp_indication_set) refers to bsp.o(.data) for m_indication_type
    bsp.o(i.bsp_indication_text_set) refers to bsp.o(i.bsp_indication_set) for bsp_indication_set
    bsp.o(i.bsp_init) refers to bsp.o(i.bsp_event_to_button_action_assign) for bsp_event_to_button_action_assign
    bsp.o(i.bsp_init) refers to app_button.o(i.app_button_init) for app_button_init
    bsp.o(i.bsp_init) refers to app_button.o(i.app_button_enable) for app_button_enable
    bsp.o(i.bsp_init) refers to app_timer.o(i.app_timer_create) for app_timer_create
    bsp.o(i.bsp_init) refers to bsp.o(.data) for m_app_ticks_per_100ms
    bsp.o(i.bsp_init) refers to bsp.o(.constdata) for app_buttons
    bsp.o(i.bsp_init) refers to bsp.o(i.button_timer_handler) for button_timer_handler
    bsp.o(i.bsp_init) refers to bsp.o(i.leds_timer_handler) for leds_timer_handler
    bsp.o(i.bsp_init) refers to bsp.o(i.alert_timer_handler) for alert_timer_handler
    bsp.o(i.bsp_led_indication) refers to app_timer.o(i.app_timer_start) for app_timer_start
    bsp.o(i.bsp_led_indication) refers to bsp.o(.data) for m_alert_mask
    bsp.o(i.bsp_led_indication) refers to bsp.o(.constdata) for m_leds_timer_id
    bsp.o(i.bsp_led_indication) refers to app_timer.o(i.app_timer_stop) for app_timer_stop
    bsp.o(i.bsp_wakeup_buttons_set) refers to bsp.o(.constdata) for m_buttons_list
    bsp.o(i.button_timer_handler) refers to bsp.o(i.bsp_button_event_handler) for bsp_button_event_handler
    bsp.o(i.leds_timer_handler) refers to bsp.o(i.bsp_led_indication) for bsp_led_indication
    bsp.o(i.leds_timer_handler) refers to bsp.o(.data) for m_indication_type
    bsp.o(.constdata) refers to bsp.o(.bss) for m_leds_timer_id_data
    bsp.o(.constdata) refers to bsp.o(i.bsp_button_event_handler) for bsp_button_event_handler
    app_uart_fifo.o(i.app_uart_close) refers to nrf_drv_uart.o(i.nrf_drv_uart_uninit) for nrf_drv_uart_uninit
    app_uart_fifo.o(i.app_uart_flush) refers to app_fifo.o(i.app_fifo_flush) for app_fifo_flush
    app_uart_fifo.o(i.app_uart_flush) refers to app_uart_fifo.o(.bss) for m_rx_fifo
    app_uart_fifo.o(i.app_uart_get) refers to app_uart_fifo.o(i.fifo_length) for fifo_length
    app_uart_fifo.o(i.app_uart_get) refers to nrf_drv_uart.o(i.nrf_drv_uart_rx) for nrf_drv_uart_rx
    app_uart_fifo.o(i.app_uart_get) refers to app_fifo.o(i.app_fifo_get) for app_fifo_get
    app_uart_fifo.o(i.app_uart_get) refers to app_uart_fifo.o(.bss) for m_rx_fifo
    app_uart_fifo.o(i.app_uart_get) refers to app_uart_fifo.o(.data) for rx_buffer
    app_uart_fifo.o(i.app_uart_init) refers to app_fifo.o(i.app_fifo_init) for app_fifo_init
    app_uart_fifo.o(i.app_uart_init) refers to memcpya.o(.text) for __aeabi_memcpy4
    app_uart_fifo.o(i.app_uart_init) refers to nrf_drv_uart.o(i.nrf_drv_uart_init) for nrf_drv_uart_init
    app_uart_fifo.o(i.app_uart_init) refers to nrf_drv_uart.o(i.nrf_drv_uart_rx_enable) for nrf_drv_uart_rx_enable
    app_uart_fifo.o(i.app_uart_init) refers to nrf_drv_uart.o(i.nrf_drv_uart_rx) for nrf_drv_uart_rx
    app_uart_fifo.o(i.app_uart_init) refers to app_uart_fifo.o(.data) for m_event_handler
[...]
    nrf_drv_pwm.o(i.nrf_drv_pwm_complex_playback) refers to nrf_drv_pwm.o(i.nrf_pwm_sequence_set) for nrf_pwm_sequence_set
    nrf_drv_pwm.o(i.nrf_drv_pwm_complex_playback) refers to nrf_drv_pwm.o(i.nrf_pwm_loop_set) for nrf_pwm_loop_set
    nrf_drv_pwm.o(i.nrf_drv_pwm_complex_playback) refers to nrf_drv_pwm.o(i.nrf_pwm_shorts_set) for nrf_pwm_shorts_set
    nrf_drv_pwm.o(i.nrf_drv_pwm_complex_playback) refers to nrf_drv_pwm.o(i.start_playback) for start_playback
    nrf_drv_pwm.o(i.nrf_drv_pwm_complex_playback) refers to nrf_drv_pwm.o(.bss) for m_cb
    nrf_drv_pwm.o(i.nrf_drv_pwm_init) refers to nrf_drv_pwm.o(i.configure_pins) for configure_pins
    nrf_drv_pwm.o(i.nrf_drv_pwm_init) refers to nrf_drv_pwm.o(i.nrf_pwm_shorts_set) for nrf_pwm_shorts_set
    nrf_drv_pwm.o(i.nrf_drv_pwm_init) refers to nrf_drv_pwm.o(i.nrf_pwm_int_set) for nrf_pwm_int_set
    nrf_drv_pwm.o(i.nrf_drv_pwm_init) refers to nrf_drv_pwm.o(i.nrf_pwm_event_clear) for nrf_pwm_event_clear
    nrf_drv_pwm.o(i.nrf_drv_pwm_init) refers to nrf_drv_pwm.o(i.nrf_drv_get_IRQn) for nrf_drv_get_IRQn
    nrf_drv_pwm.o(i.nrf_drv_pwm_init) refers to nrf_drv_common.o(i.nrf_drv_common_irq_enable) for nrf_drv_common_irq_enable
    nrf_drv_pwm.o(i.nrf_drv_pwm_init) refers to nrf_drv_pwm.o(.bss) for m_cb
    nrf_drv_pwm.o(i.nrf_drv_pwm_init) refers to nrf_drv_pwm.o(.constdata) for m_default_config
    nrf_drv_pwm.o(i.nrf_drv_pwm_is_stopped) refers to nrf_drv_pwm.o(i.nrf_pwm_event_check) for nrf_pwm_event_check
    nrf_drv_pwm.o(i.nrf_drv_pwm_is_stopped) refers to nrf_drv_pwm.o(.bss) for m_cb
    nrf_drv_pwm.o(i.nrf_drv_pwm_simple_playback) refers to nrf_drv_pwm.o(i.nrf_pwm_sequence_set) for nrf_pwm_sequence_set
    nrf_drv_pwm.o(i.nrf_drv_pwm_simple_playback) refers to nrf_drv_pwm.o(i.nrf_pwm_loop_set) for nrf_pwm_loop_set
    nrf_drv_pwm.o(i.nrf_drv_pwm_simple_playback) refers to nrf_drv_pwm.o(i.nrf_pwm_shorts_set) for nrf_pwm_shorts_set
    nrf_drv_pwm.o(i.nrf_drv_pwm_simple_playback) refers to nrf_drv_pwm.o(i.start_playback) for start_playback
    nrf_drv_pwm.o(i.nrf_drv_pwm_simple_playback) refers to nrf_drv_pwm.o(.bss) for m_cb
    nrf_drv_pwm.o(i.nrf_drv_pwm_stop) refers to nrf_drv_pwm.o(i.nrf_drv_pwm_is_stopped) for nrf_drv_pwm_is_stopped
    nrf_drv_pwm.o(i.nrf_drv_pwm_stop) refers to nrf_drv_pwm.o(i.nrf_pwm_task_trigger) for nrf_pwm_task_trigger
    nrf_drv_pwm.o(i.nrf_drv_pwm_uninit) refers to nrf_drv_pwm.o(i.nrf_drv_get_IRQn) for nrf_drv_get_IRQn
    nrf_drv_pwm.o(i.nrf_drv_pwm_uninit) refers to nrf_drv_pwm.o(.bss) for m_cb
    nrf_drv_pwm.o(i.start_playback) refers to nrf_drv_pwm.o(i.nrf_pwm_int_set) for nrf_pwm_int_set
    nrf_drv_pwm.o(i.start_playback) refers to nrf_drv_pwm.o(i.nrf_pwm_event_clear) for nrf_pwm_event_clear
    nrf_drv_pwm.o(i.start_playback) refers to nrf_drv_pwm.o(i.nrf_pwm_task_trigger) for nrf_pwm_task_trigger
    nrf_drv_uart.o(i.UARTE0_UART0_IRQHandler) refers to nrf_drv_uart.o(i.uarte_irq_handler) for uarte_irq_handler
    nrf_drv_uart.o(i.UARTE0_UART0_IRQHandler) refers to nrf_drv_uart.o(i.uart_irq_handler) for uart_irq_handler
    nrf_drv_uart.o(i.UARTE0_UART0_IRQHandler) refers to nrf_drv_uart.o(.bss) for m_cb
    nrf_drv_uart.o(i.apply_config) refers to nrf_drv_uart.o(i.nrf_gpio_pin_set) for nrf_gpio_pin_set
    nrf_drv_uart.o(i.apply_config) refers to nrf_drv_uart.o(i.nrf_gpio_cfg_output) for nrf_gpio_cfg_output
    nrf_drv_uart.o(i.apply_config) refers to nrf_drv_uart.o(i.nrf_gpio_cfg_input) for nrf_gpio_cfg_input
    nrf_drv_uart.o(i.apply_config) refers to nrf_drv_uart.o(i.nrf_uarte_txrx_pins_set) for nrf_uarte_txrx_pins_set
    nrf_drv_uart.o(i.apply_config) refers to nrf_drv_uart.o(i.nrf_uarte_hwfc_pins_set) for nrf_uarte_hwfc_pins_set
    nrf_drv_uart.o(i.apply_config) refers to nrf_drv_uart.o(i.nrf_uart_txrx_pins_set) for nrf_uart_txrx_pins_set
    nrf_drv_uart.o(i.apply_config) refers to nrf_drv_uart.o(i.nrf_uart_hwfc_pins_set) for nrf_uart_hwfc_pins_set
    nrf_drv_uart.o(i.apply_config) refers to nrf_drv_uart.o(.bss) for m_cb
    nrf_drv_uart.o(i.nrf_drv_uart_errorsrc_get) refers to nrf_drv_uart.o(i.nrf_uarte_event_clear) for nrf_uarte_event_clear
    nrf_drv_uart.o(i.nrf_drv_uart_errorsrc_get) refers to nrf_drv_uart.o(i.nrf_uarte_errorsrc_get_and_clear) for nrf_uarte_errorsrc_get_and_clear
    nrf_drv_uart.o(i.nrf_drv_uart_errorsrc_get) refers to nrf_drv_uart.o(i.nrf_uart_event_clear) for nrf_uart_event_clear
    nrf_drv_uart.o(i.nrf_drv_uart_errorsrc_get) refers to nrf_drv_uart.o(i.nrf_uart_errorsrc_get_and_clear) for nrf_uart_errorsrc_get_and_clear
    nrf_drv_uart.o(i.nrf_drv_uart_errorsrc_get) refers to nrf_drv_uart.o(.bss) for m_cb
    nrf_drv_uart.o(i.nrf_drv_uart_init) refers to nrf_drv_uart.o(i.apply_config) for apply_config
    nrf_drv_uart.o(i.nrf_drv_uart_init) refers to nrf_drv_uart.o(i.nrf_uarte_event_clear) for nrf_uarte_event_clear
    nrf_drv_uart.o(i.nrf_drv_uart_init) refers to nrf_drv_uart.o(i.nrf_uarte_int_enable) for nrf_uarte_int_enable
    nrf_drv_uart.o(i.nrf_drv_uart_init) refers to nrf_drv_uart.o(i.nrf_uart_event_clear) for nrf_uart_event_clear
    nrf_drv_uart.o(i.nrf_drv_uart_init) refers to nrf_drv_uart.o(i.nrf_uart_int_enable) for nrf_uart_int_enable
    nrf_drv_uart.o(i.nrf_drv_uart_init) refers to nrf_drv_common.o(i.nrf_drv_common_irq_enable) for nrf_drv_common_irq_enable
    nrf_drv_uart.o(i.nrf_drv_uart_init) refers to nrf_drv_uart.o(.bss) for m_cb
    nrf_drv_uart.o(i.nrf_drv_uart_init) refers to nrf_drv_uart.o(.constdata) for m_default_config
    nrf_drv_uart.o(i.nrf_drv_uart_rx) refers to nrf_drv_uart.o(i.nrf_uarte_int_disable) for nrf_uarte_int_disable
    nrf_drv_uart.o(i.nrf_drv_uart_rx) refers to nrf_drv_uart.o(i.nrf_uart_int_disable) for nrf_uart_int_disable
    nrf_drv_uart.o(i.nrf_drv_uart_rx) refers to nrf_drv_uart.o(i.nrf_uarte_int_enable) for nrf_uarte_int_enable
    nrf_drv_uart.o(i.nrf_drv_uart_rx) refers to nrf_drv_uart.o(i.nrf_uart_int_enable) for nrf_uart_int_enable
    nrf_drv_uart.o(i.nrf_drv_uart_rx) refers to nrf_drv_uart.o(i.nrf_drv_uart_rx_for_uarte) for nrf_drv_uart_rx_for_uarte
    nrf_drv_uart.o(i.nrf_drv_uart_rx) refers to nrf_drv_uart.o(i.nrf_drv_uart_rx_for_uart) for nrf_drv_uart_rx_for_uart
    nrf_drv_uart.o(i.nrf_drv_uart_rx) refers to nrf_drv_uart.o(.bss) for m_cb
    nrf_drv_uart.o(i.nrf_drv_uart_rx_abort) refers to nrf_drv_uart.o(i.nrf_uarte_task_trigger) for nrf_uarte_task_trigger
    nrf_drv_uart.o(i.nrf_drv_uart_rx_abort) refers to nrf_drv_uart.o(i.nrf_uart_int_disable) for nrf_uart_int_disable
    nrf_drv_uart.o(i.nrf_drv_uart_rx_abort) refers to nrf_drv_uart.o(i.nrf_uart_task_trigger) for nrf_uart_task_trigger
    nrf_drv_uart.o(i.nrf_drv_uart_rx_abort) refers to nrf_drv_uart.o(.bss) for m_cb
    nrf_drv_uart.o(i.nrf_drv_uart_rx_disable) refers to nrf_drv_uart.o(i.nrf_uart_task_trigger) for nrf_uart_task_trigger
    nrf_drv_uart.o(i.nrf_drv_uart_rx_disable) refers to nrf_drv_uart.o(.bss) for m_cb
    nrf_drv_uart.o(i.nrf_drv_uart_rx_enable) refers to nrf_drv_uart.o(i.rx_enable) for rx_enable
    nrf_drv_uart.o(i.nrf_drv_uart_rx_enable) refers to nrf_drv_uart.o(.bss) for m_cb
    nrf_drv_uart.o(i.nrf_drv_uart_rx_for_uart) refers to nrf_drv_uart.o(i.rx_enable) for rx_enable
    nrf_drv_uart.o(i.nrf_drv_uart_rx_for_uart) refers to nrf_drv_uart.o(i.nrf_uart_event_clear) for nrf_uart_event_clear
    nrf_drv_uart.o(i.nrf_drv_uart_rx_for_uart) refers to nrf_drv_uart.o(i.nrf_uart_event_check) for nrf_uart_event_check
    nrf_drv_uart.o(i.nrf_drv_uart_rx_for_uart) refers to nrf_drv_uart.o(i.rx_byte) for rx_byte
    nrf_drv_uart.o(i.nrf_drv_uart_rx_for_uart) refers to nrf_drv_uart.o(i.nrf_uart_task_trigger) for nrf_uart_task_trigger
    nrf_drv_uart.o(i.nrf_drv_uart_rx_for_uart) refers to nrf_drv_uart.o(i.nrf_uart_int_enable) for nrf_uart_int_enable
    nrf_drv_uart.o(i.nrf_drv_uart_rx_for_uart) refers to nrf_drv_uart.o(.bss) for m_cb
    nrf_drv_uart.o(i.nrf_drv_uart_rx_for_uarte) refers to nrf_drv_uart.o(i.nrf_uarte_event_clear) for nrf_uarte_event_clear
    nrf_drv_uart.o(i.nrf_drv_uart_rx_for_uarte) refers to nrf_drv_uart.o(i.nrf_uarte_task_trigger) for nrf_uarte_task_trigger
    nrf_drv_uart.o(i.nrf_drv_uart_rx_for_uarte) refers to nrf_drv_uart.o(i.nrf_uarte_event_check) for nrf_uarte_event_check
    nrf_drv_uart.o(i.nrf_drv_uart_rx_for_uarte) refers to nrf_drv_uart.o(i.nrf_uarte_int_enable) for nrf_uarte_int_enable
    nrf_drv_uart.o(i.nrf_drv_uart_rx_for_uarte) refers to nrf_drv_uart.o(.bss) for m_cb
    nrf_drv_uart.o(i.nrf_drv_uart_tx) refers to nrf_drv_uart.o(i.nrf_drv_uart_tx_in_progress) for nrf_drv_uart_tx_in_progress
    nrf_drv_uart.o(i.nrf_drv_uart_tx) refers to nrf_drv_uart.o(i.nrf_drv_uart_tx_for_uarte) for nrf_drv_uart_tx_for_uarte
    nrf_drv_uart.o(i.nrf_drv_uart_tx) refers to nrf_drv_uart.o(i.nrf_drv_uart_tx_for_uart) for nrf_drv_uart_tx_for_uart
    nrf_drv_uart.o(i.nrf_drv_uart_tx) refers to nrf_drv_uart.o(.bss) for m_cb
    nrf_drv_uart.o(i.nrf_drv_uart_tx_abort) refers to nrf_drv_uart.o(i.nrf_uarte_event_clear) for nrf_uarte_event_clear
    nrf_drv_uart.o(i.nrf_drv_uart_tx_abort) refers to nrf_drv_uart.o(i.nrf_uarte_task_trigger) for nrf_uarte_task_trigger
    nrf_drv_uart.o(i.nrf_drv_uart_tx_abort) refers to nrf_drv_uart.o(i.nrf_uarte_event_check) for nrf_uarte_event_check
    nrf_drv_uart.o(i.nrf_drv_uart_tx_abort) refers to nrf_drv_uart.o(i.nrf_uart_task_trigger) for nrf_uart_task_trigger
    nrf_drv_uart.o(i.nrf_drv_uart_tx_abort) refers to nrf_drv_uart.o(i.tx_done_event) for tx_done_event
    nrf_drv_uart.o(i.nrf_drv_uart_tx_abort) refers to nrf_drv_uart.o(.bss) for m_cb
    nrf_drv_uart.o(i.nrf_drv_uart_tx_for_uart) refers to nrf_drv_uart.o(i.nrf_uart_event_clear) for nrf_uart_event_clear
    nrf_drv_uart.o(i.nrf_drv_uart_tx_for_uart) refers to nrf_drv_uart.o(i.nrf_uart_task_trigger) for nrf_uart_task_trigger
    nrf_drv_uart.o(i.nrf_drv_uart_tx_for_uart) refers to nrf_drv_uart.o(i.tx_byte) for tx_byte
    nrf_drv_uart.o(i.nrf_drv_uart_tx_for_uart) refers to nrf_drv_uart.o(i.nrf_uart_event_check) for nrf_uart_event_check
    nrf_drv_uart.o(i.nrf_drv_uart_tx_for_uart) refers to nrf_drv_uart.o(.bss) for m_cb
    nrf_drv_uart.o(i.nrf_drv_uart_tx_for_uarte) refers to nrf_drv_uart.o(i.nrf_uarte_event_clear) for nrf_uarte_event_clear
    nrf_drv_uart.o(i.nrf_drv_uart_tx_for_uarte) refers to nrf_drv_uart.o(i.nrf_uarte_task_trigger) for nrf_uarte_task_trigger
    nrf_drv_uart.o(i.nrf_drv_uart_tx_for_uarte) refers to nrf_drv_uart.o(i.nrf_uarte_event_check) for nrf_uarte_event_check
    nrf_drv_uart.o(i.nrf_drv_uart_tx_for_uarte) refers to nrf_drv_uart.o(.bss) for m_cb
    nrf_drv_uart.o(i.nrf_drv_uart_tx_in_progress) refers to nrf_drv_uart.o(.bss) for m_cb
    nrf_drv_uart.o(i.nrf_drv_uart_uninit) refers to nrf_drv_uart.o(i.nrf_uarte_int_disable) for nrf_uarte_int_disable
    nrf_drv_uart.o(i.nrf_drv_uart_uninit) refers to nrf_drv_uart.o(i.nrf_uart_int_disable) for nrf_uart_int_disable
    nrf_drv_uart.o(i.nrf_drv_uart_uninit) refers to nrf_drv_uart.o(i.pins_to_default) for pins_to_default
    nrf_drv_uart.o(i.nrf_drv_uart_uninit) refers to nrf_drv_uart.o(.bss) for m_cb
    nrf_drv_uart.o(i.nrf_gpio_cfg_default) refers to nrf_drv_uart.o(i.nrf_gpio_cfg) for nrf_gpio_cfg
    nrf_drv_uart.o(i.nrf_gpio_cfg_input) refers to nrf_drv_uart.o(i.nrf_gpio_cfg) for nrf_gpio_cfg
    nrf_drv_uart.o(i.nrf_gpio_cfg_output) refers to nrf_drv_uart.o(i.nrf_gpio_cfg) for nrf_gpio_cfg
    nrf_drv_uart.o(i.pins_to_default) refers to nrf_drv_uart.o(i.nrf_uarte_txrx_pins_set) for nrf_uarte_txrx_pins_set
    nrf_drv_uart.o(i.pins_to_default) refers to nrf_drv_uart.o(i.nrf_uarte_hwfc_pins_set) for nrf_uarte_hwfc_pins_set
    nrf_drv_uart.o(i.pins_to_default) refers to nrf_drv_uart.o(i.nrf_uart_txrx_pins_set) for nrf_uart_txrx_pins_set
    nrf_drv_uart.o(i.pins_to_default) refers to nrf_drv_uart.o(i.nrf_uart_hwfc_pins_set) for nrf_uart_hwfc_pins_set
    nrf_drv_uart.o(i.pins_to_default) refers to nrf_drv_uart.o(i.nrf_gpio_cfg_default) for nrf_gpio_cfg_default
    nrf_drv_uart.o(i.pins_to_default) refers to nrf_drv_uart.o(.bss) for m_cb
    nrf_drv_uart.o(i.rx_byte) refers to nrf_drv_uart.o(i.nrf_uart_event_clear) for nrf_uart_event_clear
    nrf_drv_uart.o(i.rx_byte) refers to nrf_drv_uart.o(.bss) for m_cb
    nrf_drv_uart.o(i.rx_done_event) refers to nrf_drv_uart.o(.bss) for m_cb
    nrf_drv_uart.o(i.rx_enable) refers to nrf_drv_uart.o(i.nrf_uart_event_clear) for nrf_uart_event_clear
    nrf_drv_uart.o(i.rx_enable) refers to nrf_drv_uart.o(i.nrf_uart_task_trigger) for nrf_uart_task_trigger
    nrf_drv_uart.o(i.tx_byte) refers to nrf_drv_uart.o(i.nrf_uart_event_clear) for nrf_uart_event_clear
    nrf_drv_uart.o(i.tx_byte) refers to nrf_drv_uart.o(.bss) for m_cb
    nrf_drv_uart.o(i.tx_done_event) refers to nrf_drv_uart.o(.bss) for m_cb
    nrf_drv_uart.o(i.uart_irq_handler) refers to nrf_drv_uart.o(i.nrf_uart_int_enable_check) for nrf_uart_int_enable_check
    nrf_drv_uart.o(i.uart_irq_handler) refers to nrf_drv_uart.o(i.nrf_uart_event_check) for nrf_uart_event_check
    nrf_drv_uart.o(i.uart_irq_handler) refers to nrf_drv_uart.o(i.nrf_uart_event_clear) for nrf_uart_event_clear
    nrf_drv_uart.o(i.uart_irq_handler) refers to nrf_drv_uart.o(i.nrf_uart_int_disable) for nrf_uart_int_disable
    nrf_drv_uart.o(i.uart_irq_handler) refers to nrf_drv_uart.o(i.nrf_uart_task_trigger) for nrf_uart_task_trigger
    nrf_drv_uart.o(i.uart_irq_handler) refers to nrf_drv_uart.o(i.nrf_uart_errorsrc_get_and_clear) for nrf_uart_errorsrc_get_and_clear
    nrf_drv_uart.o(i.uart_irq_handler) refers to nrf_drv_uart.o(i.rx_byte) for rx_byte
    nrf_drv_uart.o(i.uart_irq_handler) refers to nrf_drv_uart.o(i.rx_done_event) for rx_done_event
    nrf_drv_uart.o(i.uart_irq_handler) refers to nrf_drv_uart.o(i.tx_byte) for tx_byte
    nrf_drv_uart.o(i.uart_irq_handler) refers to nrf_drv_uart.o(i.tx_done_event) for tx_done_event
    nrf_drv_uart.o(i.uart_irq_handler) refers to nrf_drv_uart.o(.bss) for m_cb
    nrf_drv_uart.o(i.uarte_irq_handler) refers to nrf_drv_uart.o(i.nrf_uarte_event_check) for nrf_uarte_event_check
    nrf_drv_uart.o(i.uarte_irq_handler) refers to nrf_drv_uart.o(i.nrf_uarte_event_clear) for nrf_uarte_event_clear
    nrf_drv_uart.o(i.uarte_irq_handler) refers to nrf_drv_uart.o(i.nrf_uarte_errorsrc_get_and_clear) for nrf_uarte_errorsrc_get_and_clear
    nrf_drv_uart.o(i.uarte_irq_handler) refers to nrf_drv_uart.o(i.nrf_uarte_rx_amount_get) for nrf_uarte_rx_amount_get
    nrf_drv_uart.o(i.uarte_irq_handler) refers to nrf_drv_uart.o(i.rx_done_event) for rx_done_event
    nrf_drv_uart.o(i.uarte_irq_handler) refers to nrf_drv_uart.o(i.tx_done_event) for tx_done_event
    nrf_drv_uart.o(i.uarte_irq_handler) refers to nrf_drv_uart.o(.bss) for m_cb
    nrf_nvic.o(i.sd_nvic_critical_region_enter) refers to nrf_nvic.o(.data) for m_in_critical_region
    nrf_nvic.o(i.sd_nvic_critical_region_exit) refers to nrf_nvic.o(.data) for m_in_critical_region
    app_button.o(i.app_button_disable) refers to nrf_drv_gpiote.o(i.nrf_drv_gpiote_in_event_disable) for nrf_drv_gpiote_in_event_disable
    app_button.o(i.app_button_disable) refers to app_timer.o(i.app_timer_stop) for app_timer_stop
    app_button.o(i.app_button_disable) refers to app_button.o(.data) for mp_buttons
    app_button.o(i.app_button_disable) refers to app_button.o(.constdata) for m_detection_delay_timer_id
    app_button.o(i.app_button_enable) refers to nrf_drv_gpiote.o(i.nrf_drv_gpiote_in_event_enable) for nrf_drv_gpiote_in_event_enable
    app_button.o(i.app_button_enable) refers to app_button.o(.data) for mp_buttons
    app_button.o(i.app_button_init) refers to nrf_drv_gpiote.o(i.nrf_drv_gpiote_is_init) for nrf_drv_gpiote_is_init
    app_button.o(i.app_button_init) refers to nrf_drv_gpiote.o(i.nrf_drv_gpiote_init) for nrf_drv_gpiote_init
    app_button.o(i.app_button_init) refers to nrf_drv_gpiote.o(i.nrf_drv_gpiote_in_init) for nrf_drv_gpiote_in_init
    app_button.o(i.app_button_init) refers to app_timer.o(i.app_timer_create) for app_timer_create
    app_button.o(i.app_button_init) refers to app_button.o(.data) for mp_buttons
    app_button.o(i.app_button_init) refers to app_button.o(.constdata) for .constdata
    app_button.o(i.app_button_init) refers to app_button.o(i.gpiote_event_handler) for gpiote_event_handler
    app_button.o(i.app_button_init) refers to app_button.o(i.detection_delay_timeout_handler) for detection_delay_timeout_handler
    app_button.o(i.app_button_is_pushed) refers to nrf_drv_gpiote.o(i.nrf_drv_gpiote_in_is_set) for nrf_drv_gpiote_in_is_set
    app_button.o(i.app_button_is_pushed) refers to app_button.o(.data) for mp_buttons
    app_button.o(i.detection_delay_timeout_handler) refers to nrf_drv_gpiote.o(i.nrf_drv_gpiote_in_is_set) for nrf_drv_gpiote_in_is_set
    app_button.o(i.detection_delay_timeout_handler) refers to app_button.o(.data) for mp_buttons
    app_button.o(i.gpiote_event_handler) refers to app_timer.o(i.app_timer_stop) for app_timer_stop
    app_button.o(i.gpiote_event_handler) refers to nrf_drv_gpiote.o(i.nrf_drv_gpiote_in_is_set) for nrf_drv_gpiote_in_is_set
    app_button.o(i.gpiote_event_handler) refers to app_timer.o(i.app_timer_start) for app_timer_start
    app_button.o(i.gpiote_event_handler) refers to app_button.o(.constdata) for m_detection_delay_timer_id
    app_button.o(i.gpiote_event_handler) refers to app_button.o(.data) for m_pin_transition
    app_button.o(.constdata) refers to app_button.o(.bss) for m_detection_delay_timer_id_data
    app_error.o(i.app_error_handler) refers to app_error_weak.o(i.app_error_fault_handler) for app_error_fault_handler
    app_error.o(i.app_error_handler_bare) refers to app_error_weak.o(i.app_error_fault_handler) for app_error_fault_handler
    app_error.o(i.app_error_save_and_stop) refers to app_error.o(.bss) for m_error_data
    app_fifo.o(i.app_fifo_get) refers to app_fifo.o(i.fifo_length) for fifo_length
    app_fifo.o(i.app_fifo_get) refers to app_fifo.o(i.fifo_get) for fifo_get
    app_fifo.o(i.app_fifo_peek) refers to app_fifo.o(i.fifo_length) for fifo_length
    app_fifo.o(i.app_fifo_peek) refers to app_fifo.o(i.fifo_peek) for fifo_peek
    app_fifo.o(i.app_fifo_put) refers to app_fifo.o(i.fifo_length) for fifo_length
    app_fifo.o(i.app_fifo_put) refers to app_fifo.o(i.fifo_put) for fifo_put
    app_fifo.o(i.app_fifo_read) refers to app_fifo.o(i.fifo_length) for fifo_length
    app_fifo.o(i.app_fifo_read) refers to app_fifo.o(i.fifo_get) for fifo_get
    app_fifo.o(i.app_fifo_write) refers to app_fifo.o(i.fifo_length) for fifo_length
    app_fifo.o(i.app_fifo_write) refers to app_fifo.o(i.fifo_put) for fifo_put
    app_fifo.o(i.fifo_get) refers to app_fifo.o(i.fifo_peek) for fifo_peek
    app_timer.o(i.RTC1_IRQHandler) refers to app_timer.o(i.timer_timeouts_check) for timer_timeouts_check
    app_timer.o(i.SWI0_EGU0_IRQHandler) refers to app_timer.o(i.timer_list_handler) for timer_list_handler
    app_timer.o(i.app_timer_cnt_diff_compute) refers to app_timer.o(i.ticks_diff_get) for ticks_diff_get
    app_timer.o(i.app_timer_cnt_get) refers to app_timer.o(i.rtc1_counter_get) for rtc1_counter_get
    app_timer.o(i.app_timer_create) refers to app_timer.o(.data) for mp_users
    app_timer.o(i.app_timer_init) refers to app_timer.o(i.rtc1_stop) for rtc1_stop
    app_timer.o(i.app_timer_init) refers to app_timer.o(i.NVIC_ClearPendingIRQ) for NVIC_ClearPendingIRQ
    app_timer.o(i.app_timer_init) refers to app_timer.o(i.NVIC_SetPriority) for NVIC_SetPriority
    app_timer.o(i.app_timer_init) refers to app_timer.o(i.NVIC_EnableIRQ) for NVIC_EnableIRQ
    app_timer.o(i.app_timer_init) refers to app_timer.o(i.rtc1_init) for rtc1_init
    app_timer.o(i.app_timer_init) refers to app_timer.o(i.rtc1_counter_get) for rtc1_counter_get
    app_timer.o(i.app_timer_init) refers to app_timer.o(.data) for mp_users
    app_timer.o(i.app_timer_start) refers to app_timer.o(i.user_id_get) for user_id_get
    app_timer.o(i.app_timer_start) refers to app_timer.o(i.timer_start_op_schedule) for timer_start_op_schedule
    app_timer.o(i.app_timer_start) refers to app_timer.o(.data) for mp_users
    app_timer.o(i.app_timer_stop) refers to app_timer.o(i.user_id_get) for user_id_get
    app_timer.o(i.app_timer_stop) refers to app_timer.o(i.timer_stop_op_schedule) for timer_stop_op_schedule
    app_timer.o(i.app_timer_stop) refers to app_timer.o(.data) for mp_users
    app_timer.o(i.app_timer_stop_all) refers to app_timer.o(i.user_id_get) for user_id_get
    app_timer.o(i.app_timer_stop_all) refers to app_timer.o(i.timer_stop_all_op_schedule) for timer_stop_all_op_schedule
    app_timer.o(i.app_timer_stop_all) refers to app_timer.o(.data) for mp_users
    app_timer.o(i.compare_reg_update) refers to app_timer.o(i.rtc1_counter_get) for rtc1_counter_get
    app_timer.o(i.compare_reg_update) refers to app_timer.o(i.ticks_diff_get) for ticks_diff_get
    app_timer.o(i.compare_reg_update) refers to app_timer.o(i.rtc1_start) for rtc1_start
    app_timer.o(i.compare_reg_update) refers to app_timer.o(i.rtc1_compare0_set) for rtc1_compare0_set
    app_timer.o(i.compare_reg_update) refers to app_timer.o(.emb_text) for __asm___11_app_timer_c_cd27f9c3__nrf_delay_us
    app_timer.o(i.compare_reg_update) refers to app_timer.o(i.timer_timeouts_check_sched) for timer_timeouts_check_sched
    app_timer.o(i.compare_reg_update) refers to app_timer.o(i.rtc1_stop) for rtc1_stop
    app_timer.o(i.compare_reg_update) refers to app_timer.o(.data) for mp_timer_id_head
    app_timer.o(i.elapsed_ticks_acquire) refers to app_timer.o(.data) for m_ticks_elapsed_q_read_ind
    app_timer.o(i.expired_timers_handler) refers to app_timer.o(.data) for mp_timer_id_head
    app_timer.o(i.list_deletions_handler) refers to app_timer.o(i.timer_list_remove) for timer_list_remove
    app_timer.o(i.list_deletions_handler) refers to app_timer.o(.data) for mp_timer_id_head
    app_timer.o(i.list_insertions_handler) refers to app_timer.o(i.ticks_diff_get) for ticks_diff_get
    app_timer.o(i.list_insertions_handler) refers to app_timer.o(i.timer_list_insert) for timer_list_insert
    app_timer.o(i.list_insertions_handler) refers to app_timer.o(.data) for mp_timer_id_head
    app_timer.o(i.rtc1_init) refers to app_timer.o(i.NVIC_SetPriority) for NVIC_SetPriority
    app_timer.o(i.rtc1_start) refers to app_timer.o(i.NVIC_ClearPendingIRQ) for NVIC_ClearPendingIRQ
    app_timer.o(i.rtc1_start) refers to app_timer.o(i.NVIC_EnableIRQ) for NVIC_EnableIRQ
    app_timer.o(i.rtc1_start) refers to app_timer.o(.emb_text) for __asm___11_app_timer_c_cd27f9c3__nrf_delay_us
    app_timer.o(i.rtc1_start) refers to app_timer.o(.data) for m_rtc1_running
    app_timer.o(i.rtc1_stop) refers to app_timer.o(.emb_text) for __asm___11_app_timer_c_cd27f9c3__nrf_delay_us
    app_timer.o(i.rtc1_stop) refers to app_timer.o(.data) for m_ticks_latest
    app_timer.o(i.timeout_handler_exec) refers to app_error.o(i.app_error_handler_bare) for app_error_handler_bare
    app_timer.o(i.timeout_handler_exec) refers to app_timer.o(.data) for m_evt_schedule_func
    app_timer.o(i.timer_list_handler) refers to app_timer.o(i.elapsed_ticks_acquire) for elapsed_ticks_acquire
    app_timer.o(i.timer_list_handler) refers to app_timer.o(i.list_deletions_handler) for list_deletions_handler
    app_timer.o(i.timer_list_handler) refers to app_timer.o(i.expired_timers_handler) for expired_timers_handler
    app_timer.o(i.timer_list_handler) refers to app_timer.o(i.list_insertions_handler) for list_insertions_handler
    app_timer.o(i.timer_list_handler) refers to app_timer.o(i.compare_reg_update) for compare_reg_update
    app_timer.o(i.timer_list_handler) refers to app_timer.o(.data) for m_ticks_latest
    app_timer.o(i.timer_list_handler_sched) refers to app_timer.o(i.NVIC_SetPendingIRQ) for NVIC_SetPendingIRQ
    app_timer.o(i.timer_list_insert) refers to app_timer.o(.data) for mp_timer_id_head
    app_timer.o(i.timer_list_remove) refers to app_timer.o(.data) for mp_timer_id_head
    app_timer.o(i.timer_start_op_schedule) refers to app_timer.o(i.user_op_alloc) for user_op_alloc
    app_timer.o(i.timer_start_op_schedule) refers to app_timer.o(i.rtc1_counter_get) for rtc1_counter_get
    app_timer.o(i.timer_start_op_schedule) refers to app_timer.o(i.user_op_enque) for user_op_enque
    app_timer.o(i.timer_start_op_schedule) refers to app_timer.o(i.timer_list_handler_sched) for timer_list_handler_sched
    app_timer.o(i.timer_start_op_schedule) refers to app_timer.o(.data) for mp_users
    app_timer.o(i.timer_stop_all_op_schedule) refers to app_timer.o(i.user_op_alloc) for user_op_alloc
    app_timer.o(i.timer_stop_all_op_schedule) refers to app_timer.o(i.user_op_enque) for user_op_enque
    app_timer.o(i.timer_stop_all_op_schedule) refers to app_timer.o(i.timer_list_handler_sched) for timer_list_handler_sched
    app_timer.o(i.timer_stop_all_op_schedule) refers to app_timer.o(.data) for mp_users
    app_timer.o(i.timer_stop_op_schedule) refers to app_timer.o(i.user_op_alloc) for user_op_alloc
    app_timer.o(i.timer_stop_op_schedule) refers to app_timer.o(i.user_op_enque) for user_op_enque
    app_timer.o(i.timer_stop_op_schedule) refers to app_timer.o(i.timer_list_handler_sched) for timer_list_handler_sched
    app_timer.o(i.timer_stop_op_schedule) refers to app_timer.o(.data) for mp_users
    app_timer.o(i.timer_timeouts_check) refers to app_timer.o(i.rtc1_counter_get) for rtc1_counter_get
    app_timer.o(i.timer_timeouts_check) refers to app_timer.o(i.ticks_diff_get) for ticks_diff_get
    app_timer.o(i.timer_timeouts_check) refers to app_timer.o(i.timeout_handler_exec) for timeout_handler_exec
    app_timer.o(i.timer_timeouts_check) refers to app_timer.o(i.timer_list_handler_sched) for timer_list_handler_sched
    app_timer.o(i.timer_timeouts_check) refers to app_timer.o(.data) for mp_timer_id_head
    app_timer.o(i.timer_timeouts_check_sched) refers to app_timer.o(i.NVIC_SetPendingIRQ) for NVIC_SetPendingIRQ
    app_util_platform.o(i.app_util_critical_region_enter) refers to app_util_platform.o(i.app_util_disable_irq) for app_util_disable_irq
    app_util_platform.o(i.app_util_critical_region_exit) refers to app_util_platform.o(i.app_util_enable_irq) for app_util_enable_irq
    app_util_platform.o(i.app_util_disable_irq) refers to app_util_platform.o(.data) for m_in_critical_region
    app_util_platform.o(i.app_util_enable_irq) refers to app_util_platform.o(.data) for m_in_critical_region
    retarget.o(i.fgetc) refers to app_uart_fifo.o(i.app_uart_get) for app_uart_get
    retarget.o(i.fputc) refers to app_uart_fifo.o(i.app_uart_put) for app_uart_put
    arm_startup_nrf52.o(RESET) refers to arm_startup_nrf52.o(STACK) for __initial_sp
    arm_startup_nrf52.o(RESET) refers to arm_startup_nrf52.o(.text) for Reset_Handler
    arm_startup_nrf52.o(RESET) refers to nrf_drv_clock.o(i.POWER_CLOCK_IRQHandler) for POWER_CLOCK_IRQHandler
    arm_startup_nrf52.o(RESET) refers to nrf_drv_uart.o(i.UARTE0_UART0_IRQHandler) for UARTE0_UART0_IRQHandler
    arm_startup_nrf52.o(RESET) refers to nrf_drv_gpiote.o(i.GPIOTE_IRQHandler) for GPIOTE_IRQHandler
    arm_startup_nrf52.o(RESET) refers to app_timer.o(i.RTC1_IRQHandler) for RTC1_IRQHandler
    arm_startup_nrf52.o(RESET) refers to app_timer.o(i.SWI0_EGU0_IRQHandler) for SWI0_EGU0_IRQHandler
    arm_startup_nrf52.o(RESET) refers to nrf_drv_pwm.o(i.PWM0_IRQHandler) for PWM0_IRQHandler
    arm_startup_nrf52.o(RESET) refers to nrf_drv_pwm.o(i.PWM1_IRQHandler) for PWM1_IRQHandler
    arm_startup_nrf52.o(RESET) refers to nrf_drv_pwm.o(i.PWM2_IRQHandler) for PWM2_IRQHandler
    arm_startup_nrf52.o(.text) refers to system_nrf52.o(i.SystemInit) for SystemInit
    arm_startup_nrf52.o(.text) refers to entry.o(.ARM.Collect$$$$00000000) for __main
    system_nrf52.o(i.SystemCoreClockUpdate) refers to system_nrf52.o(.data) for SystemCoreClock
    system_nrf52.o(i.SystemInit) refers to system_nrf52.o(i.errata_16) for errata_16
    system_nrf52.o(i.SystemInit) refers to system_nrf52.o(i.errata_31) for errata_31
    system_nrf52.o(i.SystemInit) refers to system_nrf52.o(i.errata_32) for errata_32
    system_nrf52.o(i.SystemInit) refers to system_nrf52.o(i.errata_36) for errata_36
    system_nrf52.o(i.SystemInit) refers to system_nrf52.o(i.errata_37) for errata_37
    system_nrf52.o(i.SystemInit) refers to system_nrf52.o(i.errata_57) for errata_57
    system_nrf52.o(i.SystemInit) refers to system_nrf52.o(i.errata_66) for errata_66
    system_nrf52.o(i.SystemInit) refers to system_nrf52.o(i.SystemCoreClockUpdate) for SystemCoreClockUpdate
    entry.o(.ARM.Collect$$$$00000000) refers (Special) to entry10a.o(.ARM.Collect$$$$0000000D) for __rt_final_cpp
    entry.o(.ARM.Collect$$$$00000000) refers (Special) to entry11a.o(.ARM.Collect$$$$0000000F) for __rt_final_exit
    entry.o(.ARM.Collect$$$$00000000) refers (Special) to entry7b.o(.ARM.Collect$$$$00000008) for _main_clock
    entry.o(.ARM.Collect$$$$00000000) refers (Special) to entry8b.o(.ARM.Collect$$$$0000000A) for _main_cpp_init
    entry.o(.ARM.Collect$$$$00000000) refers (Special) to entry9a.o(.ARM.Collect$$$$0000000B) for _main_init
    entry.o(.ARM.Collect$$$$00000000) refers (Special) to entry5.o(.ARM.Collect$$$$00000004) for _main_scatterload
    entry.o(.ARM.Collect$$$$00000000) refers (Special) to entry2.o(.ARM.Collect$$$$00000001) for _main_stk
    entry2.o(.ARM.Collect$$$$00000001) refers to entry2.o(.ARM.Collect$$$$00002712) for __lit__00000000
    entry2.o(.ARM.Collect$$$$00002712) refers to arm_startup_nrf52.o(STACK) for __initial_sp
    entry2.o(__vectab_stack_and_reset_area) refers to arm_startup_nrf52.o(STACK) for __initial_sp
    entry2.o(__vectab_stack_and_reset_area) refers to entry.o(.ARM.Collect$$$$00000000) for __main
    entry5.o(.ARM.Collect$$$$00000004) refers to init.o(.text) for __scatterload
    entry9a.o(.ARM.Collect$$$$0000000B) refers to main.o(i.main) for main
    entry9b.o(.ARM.Collect$$$$0000000C) refers to main.o(i.main) for main
    init.o(.text) refers to entry5.o(.ARM.Collect$$$$00000004) for __main_after_scatterload


==============================================================================

Removing Unused input sections from the image.

    Removing main.o(.rev16_text), (4 bytes).
    Removing main.o(.revsh_text), (4 bytes).
    Removing main.o(.rrx_text), (6 bytes).
    Removing main.o(.emb_text), (118 bytes).
    Removing nrf_drv_ws2812.o(.rev16_text), (4 bytes).
    Removing nrf_drv_ws2812.o(.revsh_text), (4 bytes).
    Removing nrf_drv_ws2812.o(.rrx_text), (6 bytes).
    Removing bsp.o(.rev16_text), (4 bytes).
    Removing bsp.o(.revsh_text), (4 bytes).
    Removing bsp.o(.rrx_text), (6 bytes).
    Removing bsp.o(i.alert_timer_handler), (36 bytes).
    Removing bsp.o(i.bsp_button_event_handler), (220 bytes).
    Removing bsp.o(i.bsp_button_is_pressed), (56 bytes).
    Removing bsp.o(i.bsp_buttons_disable), (8 bytes).
    Removing bsp.o(i.bsp_buttons_enable), (8 bytes).
    Removing bsp.o(i.bsp_buttons_state_get), (60 bytes).
    Removing bsp.o(i.bsp_event_to_button_action_assign), (92 bytes).
    Removing bsp.o(i.bsp_indication_set), (32 bytes).
    Removing bsp.o(i.bsp_indication_text_set), (18 bytes).
    Removing bsp.o(i.bsp_init), (208 bytes).
    Removing bsp.o(i.bsp_led_indication), (1436 bytes).
    Removing bsp.o(i.bsp_wakeup_buttons_set), (80 bytes).
    Removing bsp.o(i.button_timer_handler), (14 bytes).
    Removing bsp.o(i.leds_timer_handler), (32 bytes).
    Removing bsp.o(.bss), (108 bytes).
    Removing bsp.o(.constdata), (60 bytes).
    Removing bsp.o(.data), (25 bytes).
    Removing app_uart_fifo.o(.rev16_text), (4 bytes).
    Removing app_uart_fifo.o(.revsh_text), (4 bytes).
    Removing app_uart_fifo.o(.rrx_text), (6 bytes).
    Removing app_uart_fifo.o(i.app_uart_close), (10 bytes).
    Removing app_uart_fifo.o(i.app_uart_flush), (52 bytes).
    Removing app_uart_fifo.o(i.app_uart_get), (56 bytes).
    Removing app_uart_fifo.o(i.app_uart_init), (204 bytes).
    Removing app_uart_fifo.o(i.app_uart_put), (56 bytes).
    Removing app_uart_fifo.o(i.fifo_length), (10 bytes).
    Removing app_uart_fifo.o(i.uart_event_handler), (192 bytes).
    Removing app_uart_fifo.o(.bss), (32 bytes).
    Removing app_uart_fifo.o(.constdata), (32 bytes).
    Removing app_uart_fifo.o(.data), (6 bytes).
    Removing nrf_delay.o(.rev16_text), (4 bytes).
    Removing nrf_delay.o(.revsh_text), (4 bytes).
    Removing nrf_delay.o(.rrx_text), (6 bytes).
    Removing nrf_drv_clock.o(.rev16_text), (4 bytes).
    Removing nrf_drv_clock.o(.revsh_text), (4 bytes).
    Removing nrf_drv_clock.o(.rrx_text), (6 bytes).
    Removing nrf_drv_clock.o(i.hfclk_start), (24 bytes).
    Removing nrf_drv_clock.o(i.hfclk_stop), (22 bytes).
    Removing nrf_drv_clock.o(i.item_enqueue), (20 bytes).
    Removing nrf_drv_clock.o(i.lfclk_start), (24 bytes).
    Removing nrf_drv_clock.o(i.lfclk_stop), (20 bytes).
    Removing nrf_drv_clock.o(i.nrf_clock_hf_is_running), (32 bytes).
    Removing nrf_drv_clock.o(i.nrf_clock_int_enable), (12 bytes).
    Removing nrf_drv_clock.o(i.nrf_clock_lf_is_running), (16 bytes).
    Removing nrf_drv_clock.o(i.nrf_clock_task_trigger), (8 bytes).
    Removing nrf_drv_clock.o(i.nrf_drv_clock_calibration_abort), (4 bytes).
    Removing nrf_drv_clock.o(i.nrf_drv_clock_calibration_start), (6 bytes).
    Removing nrf_drv_clock.o(i.nrf_drv_clock_hfclk_is_running), (14 bytes).
    Removing nrf_drv_clock.o(i.nrf_drv_clock_hfclk_release), (48 bytes).
    Removing nrf_drv_clock.o(i.nrf_drv_clock_hfclk_request), (72 bytes).
    Removing nrf_drv_clock.o(i.nrf_drv_clock_init), (64 bytes).
    Removing nrf_drv_clock.o(i.nrf_drv_clock_is_calibrating), (6 bytes).
    Removing nrf_drv_clock.o(i.nrf_drv_clock_lfclk_is_running), (12 bytes).
    Removing nrf_drv_clock.o(i.nrf_drv_clock_lfclk_release), (48 bytes).
    Removing nrf_drv_clock.o(i.nrf_drv_clock_lfclk_request), (72 bytes).
    Removing nrf_drv_clock.o(i.nrf_drv_clock_uninit), (52 bytes).
    Removing nrf_drv_common.o(.rev16_text), (4 bytes).
    Removing nrf_drv_common.o(.revsh_text), (4 bytes).
    Removing nrf_drv_common.o(.rrx_text), (6 bytes).
    Removing nrf_drv_common.o(i.nrf_drv_common_irq_enable), (96 bytes).
    Removing nrf_drv_gpiote.o(.rev16_text), (4 bytes).
    Removing nrf_drv_gpiote.o(.revsh_text), (4 bytes).
    Removing nrf_drv_gpiote.o(.rrx_text), (6 bytes).
    Removing nrf_drv_gpiote.o(i.channel_free), (32 bytes).
    Removing nrf_drv_gpiote.o(i.channel_port_alloc), (128 bytes).
    Removing nrf_drv_gpiote.o(i.nrf_drv_gpiote_in_event_addr_get), (26 bytes).
    Removing nrf_drv_gpiote.o(i.nrf_drv_gpiote_in_event_disable), (84 bytes).
    Removing nrf_drv_gpiote.o(i.nrf_drv_gpiote_in_event_enable), (184 bytes).
    Removing nrf_drv_gpiote.o(i.nrf_drv_gpiote_in_init), (216 bytes).
    Removing nrf_drv_gpiote.o(i.nrf_drv_gpiote_in_is_set), (28 bytes).
    Removing nrf_drv_gpiote.o(i.nrf_drv_gpiote_in_uninit), (58 bytes).
    Removing nrf_drv_gpiote.o(i.nrf_drv_gpiote_init), (84 bytes).
    Removing nrf_drv_gpiote.o(i.nrf_drv_gpiote_is_init), (20 bytes).
    Removing nrf_drv_gpiote.o(i.nrf_drv_gpiote_out_clear), (12 bytes).
    Removing nrf_drv_gpiote.o(i.nrf_drv_gpiote_out_init), (204 bytes).
    Removing nrf_drv_gpiote.o(i.nrf_drv_gpiote_out_set), (12 bytes).
    Removing nrf_drv_gpiote.o(i.nrf_drv_gpiote_out_task_addr_get), (28 bytes).
    Removing nrf_drv_gpiote.o(i.nrf_drv_gpiote_out_task_disable), (36 bytes).
    Removing nrf_drv_gpiote.o(i.nrf_drv_gpiote_out_task_enable), (60 bytes).
    Removing nrf_drv_gpiote.o(i.nrf_drv_gpiote_out_task_force), (48 bytes).
    Removing nrf_drv_gpiote.o(i.nrf_drv_gpiote_out_task_trigger), (32 bytes).
    Removing nrf_drv_gpiote.o(i.nrf_drv_gpiote_out_toggle), (44 bytes).
    Removing nrf_drv_gpiote.o(i.nrf_drv_gpiote_out_uninit), (52 bytes).
    Removing nrf_drv_gpiote.o(i.nrf_drv_gpiote_uninit), (68 bytes).
    Removing nrf_drv_gpiote.o(i.nrf_gpio_cfg), (36 bytes).
    Removing nrf_drv_gpiote.o(i.nrf_gpio_cfg_default), (24 bytes).
    Removing nrf_drv_gpiote.o(i.nrf_gpio_pin_clear), (16 bytes).
    Removing nrf_drv_gpiote.o(i.nrf_gpio_pin_set), (16 bytes).
    Removing nrf_drv_gpiote.o(i.nrf_gpiote_int_enable), (12 bytes).
    Removing nrf_drv_gpiote.o(i.nrf_gpiote_te_default), (16 bytes).
    Removing nrf_drv_gpiote.o(i.pin_in_use_by_gpiote), (28 bytes).
    Removing nrf_drv_gpiote.o(i.pin_in_use_by_port), (24 bytes).
    Removing nrf_drv_gpiote.o(i.pin_in_use_by_te), (32 bytes).
    Removing nrf_drv_gpiote.o(i.pin_in_use_clear), (12 bytes).
    Removing nrf_drv_pwm.o(.rev16_text), (4 bytes).
    Removing nrf_drv_pwm.o(.revsh_text), (4 bytes).
    Removing nrf_drv_pwm.o(.rrx_text), (6 bytes).
    Removing nrf_drv_pwm.o(i.configure_pins), (172 bytes).
    Removing nrf_drv_pwm.o(i.nrf_drv_get_IRQn), (10 bytes).
    Removing nrf_drv_pwm.o(i.nrf_drv_pwm_complex_playback), (100 bytes).
    Removing nrf_drv_pwm.o(i.nrf_drv_pwm_init), (192 bytes).
    Removing nrf_drv_pwm.o(i.nrf_drv_pwm_is_stopped), (48 bytes).
    Removing nrf_drv_pwm.o(i.nrf_drv_pwm_simple_playback), (132 bytes).
    Removing nrf_drv_pwm.o(i.nrf_drv_pwm_stop), (48 bytes).
    Removing nrf_drv_pwm.o(i.nrf_drv_pwm_uninit), (68 bytes).
    Removing nrf_drv_pwm.o(i.nrf_pwm_int_set), (6 bytes).
    Removing nrf_drv_pwm.o(i.nrf_pwm_loop_set), (6 bytes).
    Removing nrf_drv_pwm.o(i.nrf_pwm_sequence_set), (60 bytes).
    Removing nrf_drv_pwm.o(i.nrf_pwm_shorts_set), (6 bytes).
    Removing nrf_drv_pwm.o(i.nrf_pwm_task_trigger), (6 bytes).
    Removing nrf_drv_pwm.o(i.start_playback), (84 bytes).
    Removing nrf_drv_pwm.o(.constdata), (36 bytes).
    Removing nrf_drv_uart.o(.rev16_text), (4 bytes).
    Removing nrf_drv_uart.o(.revsh_text), (4 bytes).
    Removing nrf_drv_uart.o(.rrx_text), (6 bytes).
    Removing nrf_drv_uart.o(i.apply_config), (188 bytes).
    Removing nrf_drv_uart.o(i.nrf_drv_uart_errorsrc_get), (60 bytes).
    Removing nrf_drv_uart.o(i.nrf_drv_uart_init), (228 bytes).
    Removing nrf_drv_uart.o(i.nrf_drv_uart_rx), (176 bytes).
    Removing nrf_drv_uart.o(i.nrf_drv_uart_rx_abort), (48 bytes).
    Removing nrf_drv_uart.o(i.nrf_drv_uart_rx_disable), (32 bytes).
    Removing nrf_drv_uart.o(i.nrf_drv_uart_rx_enable), (32 bytes).
    Removing nrf_drv_uart.o(i.nrf_drv_uart_rx_for_uart), (180 bytes).
    Removing nrf_drv_uart.o(i.nrf_drv_uart_rx_for_uarte), (180 bytes).
    Removing nrf_drv_uart.o(i.nrf_drv_uart_tx), (72 bytes).
    Removing nrf_drv_uart.o(i.nrf_drv_uart_tx_abort), (96 bytes).
    Removing nrf_drv_uart.o(i.nrf_drv_uart_tx_for_uart), (140 bytes).
    Removing nrf_drv_uart.o(i.nrf_drv_uart_tx_for_uarte), (112 bytes).
    Removing nrf_drv_uart.o(i.nrf_drv_uart_tx_in_progress), (20 bytes).
    Removing nrf_drv_uart.o(i.nrf_drv_uart_uninit), (128 bytes).
    Removing nrf_drv_uart.o(i.nrf_gpio_cfg), (36 bytes).
    Removing nrf_drv_uart.o(i.nrf_gpio_cfg_default), (24 bytes).
    Removing nrf_drv_uart.o(i.nrf_gpio_cfg_input), (26 bytes).
    Removing nrf_drv_uart.o(i.nrf_gpio_cfg_output), (24 bytes).
    Removing nrf_drv_uart.o(i.nrf_gpio_pin_set), (16 bytes).
    Removing nrf_drv_uart.o(i.nrf_uart_hwfc_pins_set), (10 bytes).
    Removing nrf_drv_uart.o(i.nrf_uart_int_enable), (6 bytes).
    Removing nrf_drv_uart.o(i.nrf_uart_txrx_pins_set), (10 bytes).
    Removing nrf_drv_uart.o(i.nrf_uarte_hwfc_pins_set), (12 bytes).
    Removing nrf_drv_uart.o(i.nrf_uarte_int_disable), (6 bytes).
    Removing nrf_drv_uart.o(i.nrf_uarte_int_enable), (6 bytes).
    Removing nrf_drv_uart.o(i.nrf_uarte_task_trigger), (6 bytes).
    Removing nrf_drv_uart.o(i.nrf_uarte_txrx_pins_set), (14 bytes).
    Removing nrf_drv_uart.o(i.pins_to_default), (200 bytes).
    Removing nrf_drv_uart.o(i.rx_enable), (36 bytes).
    Removing nrf_drv_uart.o(.constdata), (32 bytes).
    Removing nrf_nvic.o(.rev16_text), (4 bytes).
    Removing nrf_nvic.o(.revsh_text), (4 bytes).
    Removing nrf_nvic.o(.rrx_text), (6 bytes).
    Removing nrf_nvic.o(i.sd_nvic_ClearPendingIRQ), (32 bytes).
    Removing nrf_nvic.o(i.sd_nvic_DisableIRQ), (32 bytes).
    Removing nrf_nvic.o(i.sd_nvic_EnableIRQ), (30 bytes).
    Removing nrf_nvic.o(i.sd_nvic_GetPendingIRQ), (48 bytes).
    Removing nrf_nvic.o(i.sd_nvic_GetPriority), (52 bytes).
    Removing nrf_nvic.o(i.sd_nvic_SetPendingIRQ), (32 bytes).
    Removing nrf_nvic.o(i.sd_nvic_SetPriority), (52 bytes).
    Removing nrf_nvic.o(i.sd_nvic_SystemReset), (68 bytes).
    Removing nrf_nvic.o(i.sd_nvic_critical_region_enter), (36 bytes).
    Removing nrf_nvic.o(i.sd_nvic_critical_region_exit), (28 bytes).
    Removing nrf_nvic.o(.data), (1 bytes).
    Removing nrf_soc.o(.rev16_text), (4 bytes).
    Removing nrf_soc.o(.revsh_text), (4 bytes).
    Removing nrf_soc.o(.rrx_text), (6 bytes).
    Removing nrf_soc.o(i.sd_app_evt_wait), (6 bytes).
    Removing app_button.o(.rev16_text), (4 bytes).
    Removing app_button.o(.revsh_text), (4 bytes).
    Removing app_button.o(.rrx_text), (6 bytes).
    Removing app_button.o(i.app_button_disable), (52 bytes).
    Removing app_button.o(i.app_button_enable), (44 bytes).
    Removing app_button.o(i.app_button_init), (168 bytes).
    Removing app_button.o(i.app_button_is_pushed), (52 bytes).
    Removing app_button.o(i.detection_delay_timeout_handler), (140 bytes).
    Removing app_button.o(i.gpiote_event_handler), (128 bytes).
    Removing app_button.o(.bss), (32 bytes).
    Removing app_button.o(.constdata), (8 bytes).
    Removing app_button.o(.data), (20 bytes).
    Removing app_error.o(.rev16_text), (4 bytes).
    Removing app_error.o(.revsh_text), (4 bytes).
    Removing app_error.o(.rrx_text), (6 bytes).
    Removing app_error.o(i.app_error_handler), (32 bytes).
    Removing app_error.o(i.app_error_save_and_stop), (136 bytes).
    Removing app_error.o(.bss), (32 bytes).
    Removing app_error_weak.o(.rev16_text), (4 bytes).
    Removing app_error_weak.o(.revsh_text), (4 bytes).
    Removing app_error_weak.o(.rrx_text), (6 bytes).
    Removing app_fifo.o(.rev16_text), (4 bytes).
    Removing app_fifo.o(.revsh_text), (4 bytes).
    Removing app_fifo.o(.rrx_text), (6 bytes).
    Removing app_fifo.o(i.app_fifo_flush), (10 bytes).
    Removing app_fifo.o(i.app_fifo_get), (30 bytes).
    Removing app_fifo.o(i.app_fifo_init), (36 bytes).
    Removing app_fifo.o(i.app_fifo_peek), (36 bytes).
    Removing app_fifo.o(i.app_fifo_put), (34 bytes).
    Removing app_fifo.o(i.app_fifo_read), (102 bytes).
    Removing app_fifo.o(i.app_fifo_write), (106 bytes).
    Removing app_fifo.o(i.fifo_get), (24 bytes).
    Removing app_fifo.o(i.fifo_length), (10 bytes).
    Removing app_fifo.o(i.fifo_peek), (18 bytes).
    Removing app_fifo.o(i.fifo_put), (18 bytes).
    Removing app_timer.o(.rev16_text), (4 bytes).
    Removing app_timer.o(.revsh_text), (4 bytes).
    Removing app_timer.o(.rrx_text), (6 bytes).
    Removing app_timer.o(i.NVIC_SetPriority), (40 bytes).
    Removing app_timer.o(i.app_timer_cnt_diff_compute), (22 bytes).
    Removing app_timer.o(i.app_timer_cnt_get), (14 bytes).
    Removing app_timer.o(i.app_timer_create), (60 bytes).
    Removing app_timer.o(i.app_timer_init), (184 bytes).
    Removing app_timer.o(i.app_timer_start), (88 bytes).
    Removing app_timer.o(i.app_timer_stop), (52 bytes).
    Removing app_timer.o(i.app_timer_stop_all), (32 bytes).
    Removing app_timer.o(i.rtc1_init), (24 bytes).
    Removing app_timer.o(i.timer_start_op_schedule), (92 bytes).
    Removing app_timer.o(i.timer_stop_all_op_schedule), (64 bytes).
    Removing app_timer.o(i.timer_stop_op_schedule), (64 bytes).
    Removing app_timer.o(i.user_id_get), (88 bytes).
    Removing app_timer.o(i.user_op_alloc), (48 bytes).
    Removing app_timer.o(i.user_op_enque), (4 bytes).
    Removing app_util_platform.o(.rev16_text), (4 bytes).
    Removing app_util_platform.o(.revsh_text), (4 bytes).
    Removing app_util_platform.o(.rrx_text), (6 bytes).
    Removing app_util_platform.o(i.app_util_critical_region_enter), (10 bytes).
    Removing app_util_platform.o(i.app_util_critical_region_exit), (10 bytes).
    Removing app_util_platform.o(i.app_util_disable_irq), (20 bytes).
    Removing app_util_platform.o(i.app_util_enable_irq), (24 bytes).
    Removing app_util_platform.o(.data), (4 bytes).
    Removing nrf_assert.o(.rev16_text), (4 bytes).
    Removing nrf_assert.o(.revsh_text), (4 bytes).
    Removing nrf_assert.o(.rrx_text), (6 bytes).
    Removing retarget.o(.rev16_text), (4 bytes).
    Removing retarget.o(.revsh_text), (4 bytes).
    Removing retarget.o(.rrx_text), (6 bytes).
    Removing retarget.o(i.fgetc), (22 bytes).
    Removing retarget.o(i.fputc), (16 bytes).
    Removing retarget.o(.data), (8 bytes).
    Removing arm_startup_nrf52.o(HEAP), (8192 bytes).
    Removing system_nrf52.o(.rev16_text), (4 bytes).
    Removing system_nrf52.o(.revsh_text), (4 bytes).
    Removing system_nrf52.o(.rrx_text), (6 bytes).

248 unused section(s) (total 19896 bytes) removed from the image.

==============================================================================

Image Symbol Table

    Local Symbols

    Symbol Name                              Value     Ov Type        Size  Object(Section)

    RESET                                    0x00000000   Section     1024  arm_startup_nrf52.o(RESET)
    ../clib/microlib/init/entry.s            0x00000000   Number         0  entry9b.o ABSOLUTE
    ../clib/microlib/init/entry.s            0x00000000   Number         0  entry7a.o ABSOLUTE
    ../clib/microlib/init/entry.s            0x00000000   Number         0  entry9a.o ABSOLUTE
    ../clib/microlib/init/entry.s            0x00000000   Number         0  entry11a.o ABSOLUTE
    ../clib/microlib/init/entry.s            0x00000000   Number         0  entry10b.o ABSOLUTE
    ../clib/microlib/init/entry.s            0x00000000   Number         0  entry5.o ABSOLUTE
    ../clib/microlib/init/entry.s            0x00000000   Number         0  entry10a.o ABSOLUTE
    ../clib/microlib/init/entry.s            0x00000000   Number         0  entry.o ABSOLUTE
    ../clib/microlib/init/entry.s            0x00000000   Number         0  entry8b.o ABSOLUTE
    ../clib/microlib/init/entry.s            0x00000000   Number         0  entry8a.o ABSOLUTE
    ../clib/microlib/init/entry.s            0x00000000   Number         0  entry2.o ABSOLUTE
    ../clib/microlib/init/entry.s            0x00000000   Number         0  entry7b.o ABSOLUTE
    ../clib/microlib/init/entry.s            0x00000000   Number         0  entry11b.o ABSOLUTE
    ../clib/microlib/string/memcpy.c         0x00000000   Number         0  memcpyb.o ABSOLUTE
    ../clib/microlib/string/memcpy.c         0x00000000   Number         0  memcpya.o ABSOLUTE
    ..\..\..\..\..\components\drivers_nrf\clock\nrf_drv_clock.c 0x00000000   Number         0  nrf_drv_clock.o ABSOLUTE
    ..\..\..\..\..\components\drivers_nrf\common\nrf_drv_common.c 0x00000000   Number         0  nrf_drv_common.o ABSOLUTE
    ..\..\..\..\..\components\drivers_nrf\delay\nrf_delay.c 0x00000000   Number         0  nrf_delay.o ABSOLUTE
    ..\..\..\..\..\components\drivers_nrf\gpiote\nrf_drv_gpiote.c 0x00000000   Number         0  nrf_drv_gpiote.o ABSOLUTE
    ..\..\..\..\..\components\drivers_nrf\nrf_soc_nosd\nrf_nvic.c 0x00000000   Number         0  nrf_nvic.o ABSOLUTE
    ..\..\..\..\..\components\drivers_nrf\nrf_soc_nosd\nrf_soc.c 0x00000000   Number         0  nrf_soc.o ABSOLUTE
    ..\..\..\..\..\components\drivers_nrf\pwm\nrf_drv_pwm.c 0x00000000   Number         0  nrf_drv_pwm.o ABSOLUTE
    ..\..\..\..\..\components\drivers_nrf\uart\nrf_drv_uart.c 0x00000000   Number         0  nrf_drv_uart.o ABSOLUTE
    ..\..\..\..\..\components\libraries\button\app_button.c 0x00000000   Number         0  app_button.o ABSOLUTE
    ..\..\..\..\..\components\libraries\fifo\app_fifo.c 0x00000000   Number         0  app_fifo.o ABSOLUTE
    ..\..\..\..\..\components\libraries\timer\app_timer.c 0x00000000   Number         0  app_timer.o ABSOLUTE
    ..\..\..\..\..\components\libraries\uart\app_uart_fifo.c 0x00000000   Number         0  app_uart_fifo.o ABSOLUTE
    ..\..\..\..\..\components\libraries\uart\retarget.c 0x00000000   Number         0  retarget.o ABSOLUTE
    ..\..\..\..\..\components\libraries\util\app_error.c 0x00000000   Number         0  app_error.o ABSOLUTE
    ..\..\..\..\..\components\libraries\util\app_error_weak.c 0x00000000   Number         0  app_error_weak.o ABSOLUTE
    ..\..\..\..\..\components\libraries\util\app_util_platform.c 0x00000000   Number         0  app_util_platform.o ABSOLUTE
    ..\..\..\..\..\components\libraries\util\nrf_assert.c 0x00000000   Number         0  nrf_assert.o ABSOLUTE
    ..\..\..\..\bsp\bsp.c                    0x00000000   Number         0  bsp.o ABSOLUTE
    ..\..\main.c                             0x00000000   Number         0  main.o ABSOLUTE
    ..\\..\\..\\..\\..\\components\\drivers_nrf\\clock\\nrf_drv_clock.c 0x00000000   Number         0  nrf_drv_clock.o ABSOLUTE
    ..\\..\\..\\..\\..\\components\\drivers_nrf\\common\\nrf_drv_common.c 0x00000000   Number         0  nrf_drv_common.o ABSOLUTE
    ..\\..\\..\\..\\..\\components\\drivers_nrf\\delay\\nrf_delay.c 0x00000000   Number         0  nrf_delay.o ABSOLUTE
    ..\\..\\..\\..\\..\\components\\drivers_nrf\\gpiote\\nrf_drv_gpiote.c 0x00000000   Number         0  nrf_drv_gpiote.o ABSOLUTE
    ..\\..\\..\\..\\..\\components\\drivers_nrf\\nrf_soc_nosd\\nrf_nvic.c 0x00000000   Number         0  nrf_nvic.o ABSOLUTE
    ..\\..\\..\\..\\..\\components\\drivers_nrf\\nrf_soc_nosd\\nrf_soc.c 0x00000000   Number         0  nrf_soc.o ABSOLUTE
    ..\\..\\..\\..\\..\\components\\drivers_nrf\\pwm\\nrf_drv_pwm.c 0x00000000   Number         0  nrf_drv_pwm.o ABSOLUTE
    ..\\..\\..\\..\\..\\components\\drivers_nrf\\uart\\nrf_drv_uart.c 0x00000000   Number         0  nrf_drv_uart.o ABSOLUTE
    ..\\..\\..\\..\\..\\components\\libraries\\button\\app_button.c 0x00000000   Number         0  app_button.o ABSOLUTE
    ..\\..\\..\\..\\..\\components\\libraries\\fifo\\app_fifo.c 0x00000000   Number         0  app_fifo.o ABSOLUTE
    ..\\..\\..\\..\\..\\components\\libraries\\timer\\app_timer.c 0x00000000   Number         0  app_timer.o ABSOLUTE
    ..\\..\\..\\..\\..\\components\\libraries\\uart\\app_uart_fifo.c 0x00000000   Number         0  app_uart_fifo.o ABSOLUTE
    ..\\..\\..\\..\\..\\components\\libraries\\uart\\retarget.c 0x00000000   Number         0  retarget.o ABSOLUTE
    ..\\..\\..\\..\\..\\components\\libraries\\util\\app_error.c 0x00000000   Number         0  app_error.o ABSOLUTE
    ..\\..\\..\\..\\..\\components\\libraries\\util\\app_error_weak.c 0x00000000   Number         0  app_error_weak.o ABSOLUTE
    ..\\..\\..\\..\\..\\components\\libraries\\util\\app_util_platform.c 0x00000000   Number         0  app_util_platform.o ABSOLUTE
    ..\\..\\..\\..\\..\\components\\libraries\\util\\nrf_assert.c 0x00000000   Number         0  nrf_assert.o ABSOLUTE
    ..\\..\\..\\..\\bsp\\bsp.c               0x00000000   Number         0  bsp.o ABSOLUTE
    ..\\..\\main.c                           0x00000000   Number         0  main.o ABSOLUTE
    RTE\Device\nRF52832_xxAA\arm_startup_nrf52.s 0x00000000   Number         0  arm_startup_nrf52.o ABSOLUTE
    RTE\Device\nRF52832_xxAA\system_nrf52.c  0x00000000   Number         0  system_nrf52.o ABSOLUTE
    RTE\\Device\\nRF52832_xxAA\\system_nrf52.c 0x00000000   Number         0  system_nrf52.o ABSOLUTE
    dc.s                                     0x00000000   Number         0  dc.o ABSOLUTE
    handlers.s                               0x00000000   Number         0  handlers.o ABSOLUTE
    init.s                                   0x00000000   Number         0  init.o ABSOLUTE
    nrf_drv_WS2812.c                         0x00000000   Number         0  nrf_drv_ws2812.o ABSOLUTE
    nrf_drv_WS2812.c                         0x00000000   Number         0  nrf_drv_ws2812.o ABSOLUTE
    .ARM.Collect$$$$00000000                 0x00000400   Section        0  entry.o(.ARM.Collect$$$$00000000)
    .ARM.Collect$$$$00000001                 0x00000400   Section        4  entry2.o(.ARM.Collect$$$$00000001)
    .ARM.Collect$$$$00000004                 0x00000404   Section        4  entry5.o(.ARM.Collect$$$$00000004)
    .ARM.Collect$$$$00000008                 0x00000408   Section        0  entry7b.o(.ARM.Collect$$$$00000008)
    .ARM.Collect$$$$0000000A                 0x00000408   Section        0  entry8b.o(.ARM.Collect$$$$0000000A)
    .ARM.Collect$$$$0000000B                 0x00000408   Section        8  entry9a.o(.ARM.Collect$$$$0000000B)
    .ARM.Collect$$$$0000000D                 0x00000410   Section        0  entry10a.o(.ARM.Collect$$$$0000000D)
    .ARM.Collect$$$$0000000F                 0x00000410   Section        0  entry11a.o(.ARM.Collect$$$$0000000F)
    .ARM.Collect$$$$00002712                 0x00000410   Section        4  entry2.o(.ARM.Collect$$$$00002712)
    __lit__00000000                          0x00000410   Data           4  entry2.o(.ARM.Collect$$$$00002712)
    .emb_text                                0x00000414   Section      118  nrf_delay.o(.emb_text)
    $v0                                      0x00000414   Number         0  nrf_delay.o(.emb_text)
    .emb_text                                0x0000048c   Section      118  app_timer.o(.emb_text)
    $v0                                      0x0000048c   Number         0  app_timer.o(.emb_text)
    .text                                    0x00000504   Section       36  arm_startup_nrf52.o(.text)
    $v0                                      0x00000504   Number         0  arm_startup_nrf52.o(.text)
    .text                                    0x00000528   Section       36  init.o(.text)
    i.GPIOTE_IRQHandler                      0x0000054c   Section        0  nrf_drv_gpiote.o(i.GPIOTE_IRQHandler)
    i.NVIC_ClearPendingIRQ                   0x00000704   Section        0  app_timer.o(i.NVIC_ClearPendingIRQ)
    NVIC_ClearPendingIRQ                     0x00000705   Thumb Code    18  app_timer.o(i.NVIC_ClearPendingIRQ)
    i.NVIC_EnableIRQ                         0x0000071c   Section        0  app_timer.o(i.NVIC_EnableIRQ)
    NVIC_EnableIRQ                           0x0000071d   Thumb Code    22  app_timer.o(i.NVIC_EnableIRQ)
    i.NVIC_SetPendingIRQ                     0x00000734   Section        0  app_timer.o(i.NVIC_SetPendingIRQ)
    NVIC_SetPendingIRQ                       0x00000735   Thumb Code    18  app_timer.o(i.NVIC_SetPendingIRQ)
    i.POWER_CLOCK_IRQHandler                 0x0000074c   Section        0  nrf_drv_clock.o(i.POWER_CLOCK_IRQHandler)
    i.PWM0_IRQHandler                        0x000007a4   Section        0  nrf_drv_pwm.o(i.PWM0_IRQHandler)
    i.PWM1_IRQHandler                        0x000007b8   Section        0  nrf_drv_pwm.o(i.PWM1_IRQHandler)
    i.PWM2_IRQHandler                        0x000007cc   Section        0  nrf_drv_pwm.o(i.PWM2_IRQHandler)
    i.RTC1_IRQHandler                        0x000007e0   Section        0  app_timer.o(i.RTC1_IRQHandler)
    i.SWI0_EGU0_IRQHandler                   0x00000814   Section        0  app_timer.o(i.SWI0_EGU0_IRQHandler)
    i.SystemCoreClockUpdate                  0x0000081c   Section        0  system_nrf52.o(i.SystemCoreClockUpdate)
    i.SystemInit                             0x0000082c   Section        0  system_nrf52.o(i.SystemInit)
    i.UARTE0_UART0_IRQHandler                0x00000a60   Section        0  nrf_drv_uart.o(i.UARTE0_UART0_IRQHandler)
    i.__scatterload_copy                     0x00000a78   Section       14  handlers.o(i.__scatterload_copy)
    i.__scatterload_null                     0x00000a86   Section        2  handlers.o(i.__scatterload_null)
    i.__scatterload_zeroinit                 0x00000a88   Section       14  handlers.o(i.__scatterload_zeroinit)
    i.app_error_fault_handler                0x00000a98   Section        0  app_error_weak.o(i.app_error_fault_handler)
    i.app_error_handler_bare                 0x00000adc   Section        0  app_error.o(i.app_error_handler_bare)
    i.channel_handler_get                    0x00000af8   Section        0  nrf_drv_gpiote.o(i.channel_handler_get)
    channel_handler_get                      0x00000af9   Thumb Code    10  nrf_drv_gpiote.o(i.channel_handler_get)
    i.channel_port_get                       0x00000b08   Section        0  nrf_drv_gpiote.o(i.channel_port_get)
    channel_port_get                         0x00000b09   Thumb Code     8  nrf_drv_gpiote.o(i.channel_port_get)
    i.clock_clk_started_notify               0x00000b14   Section        0  nrf_drv_clock.o(i.clock_clk_started_notify)
    clock_clk_started_notify                 0x00000b15   Thumb Code    36  nrf_drv_clock.o(i.clock_clk_started_notify)
    i.compare_reg_update                     0x00000b38   Section        0  app_timer.o(i.compare_reg_update)
    compare_reg_update                       0x00000b39   Thumb Code   132  app_timer.o(i.compare_reg_update)
    i.elapsed_ticks_acquire                  0x00000bc8   Section        0  app_timer.o(i.elapsed_ticks_acquire)
    elapsed_ticks_acquire                    0x00000bc9   Thumb Code    82  app_timer.o(i.elapsed_ticks_acquire)
    i.errata_16                              0x00000c2c   Section        0  system_nrf52.o(i.errata_16)
    errata_16                                0x00000c2d   Thumb Code    42  system_nrf52.o(i.errata_16)
    i.errata_31                              0x00000c5c   Section        0  system_nrf52.o(i.errata_31)
    errata_31                                0x00000c5d   Thumb Code    78  system_nrf52.o(i.errata_31)
    i.errata_32                              0x00000cb0   Section        0  system_nrf52.o(i.errata_32)
    errata_32                                0x00000cb1   Thumb Code    42  system_nrf52.o(i.errata_32)
    i.errata_36                              0x00000ce0   Section        0  system_nrf52.o(i.errata_36)
    errata_36                                0x00000ce1   Thumb Code    78  system_nrf52.o(i.errata_36)
    i.errata_37                              0x00000d34   Section        0  system_nrf52.o(i.errata_37)
    errata_37                                0x00000d35   Thumb Code    42  system_nrf52.o(i.errata_37)
    i.errata_57                              0x00000d64   Section        0  system_nrf52.o(i.errata_57)
    errata_57                                0x00000d65   Thumb Code    42  system_nrf52.o(i.errata_57)
    i.errata_66                              0x00000d94   Section        0  system_nrf52.o(i.errata_66)
    errata_66                                0x00000d95   Thumb Code    42  system_nrf52.o(i.errata_66)
    i.expired_timers_handler                 0x00000dc4   Section        0  app_timer.o(i.expired_timers_handler)
    expired_timers_handler                   0x00000dc5   Thumb Code    84  app_timer.o(i.expired_timers_handler)
    i.irq_handler                            0x00000e1c   Section        0  nrf_drv_pwm.o(i.irq_handler)
    irq_handler                              0x00000e1d   Thumb Code   154  nrf_drv_pwm.o(i.irq_handler)
    i.item_dequeue                           0x00000eb6   Section        0  nrf_drv_clock.o(i.item_dequeue)
    item_dequeue                             0x00000eb7   Thumb Code    12  nrf_drv_clock.o(i.item_dequeue)
    i.list_deletions_handler                 0x00000ec4   Section        0  app_timer.o(i.list_deletions_handler)
    list_deletions_handler                   0x00000ec5   Thumb Code   140  app_timer.o(i.list_deletions_handler)
    i.list_insertions_handler                0x00000f5c   Section        0  app_timer.o(i.list_insertions_handler)
    list_insertions_handler                  0x00000f5d   Thumb Code   242  app_timer.o(i.list_insertions_handler)
    i.main                                   0x00001068   Section        0  main.o(i.main)
    i.nrf_clock_event_check                  0x000010d8   Section        0  nrf_drv_clock.o(i.nrf_clock_event_check)
    nrf_clock_event_check                    0x000010d9   Thumb Code    18  nrf_drv_clock.o(i.nrf_clock_event_check)
    i.nrf_clock_event_clear                  0x000010ea   Section        0  nrf_drv_clock.o(i.nrf_clock_event_clear)
    nrf_clock_event_clear                    0x000010eb   Thumb Code    18  nrf_drv_clock.o(i.nrf_clock_event_clear)
    i.nrf_clock_int_disable                  0x000010fc   Section        0  nrf_drv_clock.o(i.nrf_clock_int_disable)
    nrf_clock_int_disable                    0x000010fd   Thumb Code     6  nrf_drv_clock.o(i.nrf_clock_int_disable)
    i.nrf_delay_ms                           0x00001108   Section        0  nrf_delay.o(i.nrf_delay_ms)
    i.nrf_drv_WS2812_init                    0x00001124   Section        0  nrf_drv_ws2812.o(i.nrf_drv_WS2812_init)
    i.nrf_drv_WS2812_set_pixel               0x000011c4   Section        0  nrf_drv_ws2812.o(i.nrf_drv_WS2812_set_pixel)
    i.nrf_drv_WS2812_show                    0x000011e4   Section        0  nrf_drv_ws2812.o(i.nrf_drv_WS2812_show)
    i.nrf_gpio_cfg_sense_set                 0x000012f0   Section        0  nrf_drv_gpiote.o(i.nrf_gpio_cfg_sense_set)
    nrf_gpio_cfg_sense_set                   0x000012f1   Thumb Code    32  nrf_drv_gpiote.o(i.nrf_gpio_cfg_sense_set)
    i.nrf_gpiote_event_addr_get              0x00001314   Section        0  nrf_drv_gpiote.o(i.nrf_gpiote_event_addr_get)
    nrf_gpiote_event_addr_get                0x00001315   Thumb Code     8  nrf_drv_gpiote.o(i.nrf_gpiote_event_addr_get)
    i.nrf_gpiote_event_clear                 0x00001320   Section        0  nrf_drv_gpiote.o(i.nrf_gpiote_event_clear)
    nrf_gpiote_event_clear                   0x00001321   Thumb Code    28  nrf_drv_gpiote.o(i.nrf_gpiote_event_clear)
    i.nrf_gpiote_event_is_set                0x0000133c   Section        0  nrf_drv_gpiote.o(i.nrf_gpiote_event_is_set)
    nrf_gpiote_event_is_set                  0x0000133d   Thumb Code    22  nrf_drv_gpiote.o(i.nrf_gpiote_event_is_set)
    i.nrf_pwm_event_check                    0x00001352   Section        0  nrf_drv_pwm.o(i.nrf_pwm_event_check)
    nrf_pwm_event_check                      0x00001353   Thumb Code    14  nrf_drv_pwm.o(i.nrf_pwm_event_check)
    i.nrf_pwm_event_clear                    0x00001360   Section        0  nrf_drv_pwm.o(i.nrf_pwm_event_clear)
    nrf_pwm_event_clear                      0x00001361   Thumb Code     6  nrf_drv_pwm.o(i.nrf_pwm_event_clear)
    i.nrf_pwm_int_enable_check               0x00001366   Section        0  nrf_drv_pwm.o(i.nrf_pwm_int_enable_check)
    nrf_pwm_int_enable_check                 0x00001367   Thumb Code    18  nrf_drv_pwm.o(i.nrf_pwm_int_enable_check)
    i.nrf_uart_errorsrc_get_and_clear        0x00001378   Section        0  nrf_drv_uart.o(i.nrf_uart_errorsrc_get_and_clear)
    nrf_uart_errorsrc_get_and_clear          0x00001379   Thumb Code    12  nrf_drv_uart.o(i.nrf_uart_errorsrc_get_and_clear)
    i.nrf_uart_event_check                   0x00001384   Section        0  nrf_drv_uart.o(i.nrf_uart_event_check)
    nrf_uart_event_check                     0x00001385   Thumb Code    14  nrf_drv_uart.o(i.nrf_uart_event_check)
    i.nrf_uart_event_clear                   0x00001392   Section        0  nrf_drv_uart.o(i.nrf_uart_event_clear)
    nrf_uart_event_clear                     0x00001393   Thumb Code     6  nrf_drv_uart.o(i.nrf_uart_event_clear)
    i.nrf_uart_int_disable                   0x00001398   Section        0  nrf_drv_uart.o(i.nrf_uart_int_disable)
    nrf_uart_int_disable                     0x00001399   Thumb Code     6  nrf_drv_uart.o(i.nrf_uart_int_disable)
    i.nrf_uart_int_enable_check              0x0000139e   Section        0  nrf_drv_uart.o(i.nrf_uart_int_enable_check)
    nrf_uart_int_enable_check                0x0000139f   Thumb Code    18  nrf_drv_uart.o(i.nrf_uart_int_enable_check)
    i.nrf_uart_task_trigger                  0x000013b0   Section        0  nrf_drv_uart.o(i.nrf_uart_task_trigger)
    nrf_uart_task_trigger                    0x000013b1   Thumb Code     6  nrf_drv_uart.o(i.nrf_uart_task_trigger)
    i.nrf_uarte_errorsrc_get_and_clear       0x000013b6   Section        0  nrf_drv_uart.o(i.nrf_uarte_errorsrc_get_and_clear)
    nrf_uarte_errorsrc_get_and_clear         0x000013b7   Thumb Code    12  nrf_drv_uart.o(i.nrf_uarte_errorsrc_get_and_clear)
    i.nrf_uarte_event_check                  0x000013c2   Section        0  nrf_drv_uart.o(i.nrf_uarte_event_check)
    nrf_uarte_event_check                    0x000013c3   Thumb Code    14  nrf_drv_uart.o(i.nrf_uarte_event_check)
    i.nrf_uarte_event_clear                  0x000013d0   Section        0  nrf_drv_uart.o(i.nrf_uarte_event_clear)
    nrf_uarte_event_clear                    0x000013d1   Thumb Code     6  nrf_drv_uart.o(i.nrf_uarte_event_clear)
    i.nrf_uarte_rx_amount_get                0x000013d6   Section        0  nrf_drv_uart.o(i.nrf_uarte_rx_amount_get)
    nrf_uarte_rx_amount_get                  0x000013d7   Thumb Code    10  nrf_drv_uart.o(i.nrf_uarte_rx_amount_get)
    i.rtc1_compare0_set                      0x000013e0   Section        0  app_timer.o(i.rtc1_compare0_set)
    rtc1_compare0_set                        0x000013e1   Thumb Code     6  app_timer.o(i.rtc1_compare0_set)
    i.rtc1_counter_get                       0x000013ec   Section        0  app_timer.o(i.rtc1_counter_get)
    rtc1_counter_get                         0x000013ed   Thumb Code     6  app_timer.o(i.rtc1_counter_get)
    i.rtc1_start                             0x000013f8   Section        0  app_timer.o(i.rtc1_start)
    rtc1_start                               0x000013f9   Thumb Code    48  app_timer.o(i.rtc1_start)
    i.rtc1_stop                              0x00001434   Section        0  app_timer.o(i.rtc1_stop)
    rtc1_stop                                0x00001435   Thumb Code    68  app_timer.o(i.rtc1_stop)
    i.rx_byte                                0x0000148c   Section        0  nrf_drv_uart.o(i.rx_byte)
    rx_byte                                  0x0000148d   Thumb Code    68  nrf_drv_uart.o(i.rx_byte)
    i.rx_done_event                          0x000014dc   Section        0  nrf_drv_uart.o(i.rx_done_event)
    rx_done_event                            0x000014dd   Thumb Code    30  nrf_drv_uart.o(i.rx_done_event)
    i.ticks_diff_get                         0x00001500   Section        0  app_timer.o(i.ticks_diff_get)
    ticks_diff_get                           0x00001501   Thumb Code    10  app_timer.o(i.ticks_diff_get)
    i.timeout_handler_exec                   0x0000150c   Section        0  app_timer.o(i.timeout_handler_exec)
    timeout_handler_exec                     0x0000150d   Thumb Code    50  app_timer.o(i.timeout_handler_exec)
    i.timer_list_handler                     0x00001544   Section        0  app_timer.o(i.timer_list_handler)
    timer_list_handler                       0x00001545   Thumb Code    72  app_timer.o(i.timer_list_handler)
    i.timer_list_handler_sched               0x00001598   Section        0  app_timer.o(i.timer_list_handler_sched)
    timer_list_handler_sched                 0x00001599   Thumb Code    10  app_timer.o(i.timer_list_handler_sched)
    i.timer_list_insert                      0x000015a4   Section        0  app_timer.o(i.timer_list_insert)
    timer_list_insert                        0x000015a5   Thumb Code    98  app_timer.o(i.timer_list_insert)
    i.timer_list_remove                      0x0000160c   Section        0  app_timer.o(i.timer_list_remove)
    timer_list_remove                        0x0000160d   Thumb Code    90  app_timer.o(i.timer_list_remove)
    i.timer_timeouts_check                   0x00001678   Section        0  app_timer.o(i.timer_timeouts_check)
    timer_timeouts_check                     0x00001679   Thumb Code   130  app_timer.o(i.timer_timeouts_check)
    i.timer_timeouts_check_sched             0x00001710   Section        0  app_timer.o(i.timer_timeouts_check_sched)
    timer_timeouts_check_sched               0x00001711   Thumb Code    10  app_timer.o(i.timer_timeouts_check_sched)
    i.tx_byte                                0x0000171c   Section        0  nrf_drv_uart.o(i.tx_byte)
    tx_byte                                  0x0000171d   Thumb Code    42  nrf_drv_uart.o(i.tx_byte)
    i.tx_done_event                          0x00001754   Section        0  nrf_drv_uart.o(i.tx_done_event)
    tx_done_event                            0x00001755   Thumb Code    38  nrf_drv_uart.o(i.tx_done_event)
    i.uart_irq_handler                       0x00001780   Section        0  nrf_drv_uart.o(i.uart_irq_handler)
    uart_irq_handler                         0x00001781   Thumb Code   342  nrf_drv_uart.o(i.uart_irq_handler)
    i.uarte_irq_handler                      0x000018e0   Section        0  nrf_drv_uart.o(i.uarte_irq_handler)
    uarte_irq_handler                        0x000018e1   Thumb Code   286  nrf_drv_uart.o(i.uarte_irq_handler)
    .data                                    0x20000000   Section       34  app_timer.o(.data)
    m_user_array_size                        0x20000000   Data           1  app_timer.o(.data)
    mp_users                                 0x20000004   Data           4  app_timer.o(.data)
    mp_timer_id_head                         0x20000008   Data           4  app_timer.o(.data)
    m_ticks_latest                           0x2000000c   Data           4  app_timer.o(.data)
    m_ticks_elapsed                          0x20000010   Data           8  app_timer.o(.data)
    m_ticks_elapsed_q_read_ind               0x20000018   Data           1  app_timer.o(.data)
    m_ticks_elapsed_q_write_ind              0x20000019   Data           1  app_timer.o(.data)
    m_evt_schedule_func                      0x2000001c   Data           4  app_timer.o(.data)
    m_rtc1_running                           0x20000020   Data           1  app_timer.o(.data)
    m_rtc1_reset                             0x20000021   Data           1  app_timer.o(.data)
    .data                                    0x20000024   Section        4  system_nrf52.o(.data)
    __tagsym$$used                           0x20000024   Number         0  system_nrf52.o(.data)
    .bss                                     0x20000028   Section     5184  nrf_drv_ws2812.o(.bss)
    pixels                                   0x20000028   Data         300  nrf_drv_ws2812.o(.bss)
    WS2812_pwm_seq                           0x20000154   Data        4884  nrf_drv_ws2812.o(.bss)
    .bss                                     0x20001468   Section       20  nrf_drv_clock.o(.bss)
    m_clock_cb                               0x20001468   Data          20  nrf_drv_clock.o(.bss)
    .bss                                     0x2000147c   Section       88  nrf_drv_gpiote.o(.bss)
    m_cb                                     0x2000147c   Data          88  nrf_drv_gpiote.o(.bss)
    .bss                                     0x200014d4   Section       24  nrf_drv_pwm.o(.bss)
    m_cb                                     0x200014d4   Data          24  nrf_drv_pwm.o(.bss)
    .bss                                     0x200014ec   Section       32  nrf_drv_uart.o(.bss)
    m_cb                                     0x200014ec   Data          32  nrf_drv_uart.o(.bss)
    STACK                                    0x20001510   Section     8192  arm_startup_nrf52.o(STACK)

    Global Symbols

    Symbol Name                              Value     Ov Type        Size  Object(Section)

    BuildAttributes$$THM_ISAv4$E$P$D$K$B$S$7EM$VFPi3$EXTD16$VFPS$VFMA$PE$A:L22UL41UL21$X:L11$S22US41US21$IEEE1$IW$USESV6$~STKCKD$USESV7$~SHL$OSPACE$EBA8$MICROLIB$REQ8$PRES8$EABIv2 0x00000000   Number         0  anon$$obj.o ABSOLUTE
    __ARM_use_no_argv                        0x00000000   Number         0  main.o ABSOLUTE
    __Vectors                                0x00000000   Data           4  arm_startup_nrf52.o(RESET)
    __cpp_initialize__aeabi_                  - Undefined Weak Reference
    __cxa_finalize                            - Undefined Weak Reference
    __decompress                              - Undefined Weak Reference
    _clock_init                               - Undefined Weak Reference
    _microlib_exit                            - Undefined Weak Reference
    __Vectors_End                            0x00000400   Data           0  arm_startup_nrf52.o(RESET)
    __Vectors_Size                           0x00000400   Number         0  arm_startup_nrf52.o ABSOLUTE
    __main                                   0x00000401   Thumb Code     0  entry.o(.ARM.Collect$$$$00000000)
    _main_stk                                0x00000401   Thumb Code     0  entry2.o(.ARM.Collect$$$$00000001)
    _main_scatterload                        0x00000405   Thumb Code     0  entry5.o(.ARM.Collect$$$$00000004)
    __main_after_scatterload                 0x00000409   Thumb Code     0  entry5.o(.ARM.Collect$$$$00000004)
    _main_clock                              0x00000409   Thumb Code     0  entry7b.o(.ARM.Collect$$$$00000008)
    _main_cpp_init                           0x00000409   Thumb Code     0  entry8b.o(.ARM.Collect$$$$0000000A)
    _main_init                               0x00000409   Thumb Code     0  entry9a.o(.ARM.Collect$$$$0000000B)
    __rt_final_cpp                           0x00000411   Thumb Code     0  entry10a.o(.ARM.Collect$$$$0000000D)
    __rt_final_exit                          0x00000411   Thumb Code     0  entry11a.o(.ARM.Collect$$$$0000000F)
    __asm___11_nrf_delay_c_532987f3__nrf_delay_us 0x00000415   Thumb Code   118  nrf_delay.o(.emb_text)
    __asm___11_app_timer_c_cd27f9c3__nrf_delay_us 0x0000048d   Thumb Code   118  app_timer.o(.emb_text)
    Reset_Handler                            0x00000505   Thumb Code     8  arm_startup_nrf52.o(.text)
    NMI_Handler                              0x0000050d   Thumb Code     2  arm_startup_nrf52.o(.text)
    HardFault_Handler                        0x0000050f   Thumb Code     2  arm_startup_nrf52.o(.text)
    MemoryManagement_Handler                 0x00000511   Thumb Code     2  arm_startup_nrf52.o(.text)
    BusFault_Handler                         0x00000513   Thumb Code     2  arm_startup_nrf52.o(.text)
    UsageFault_Handler                       0x00000515   Thumb Code     2  arm_startup_nrf52.o(.text)
    SVC_Handler                              0x00000517   Thumb Code     2  arm_startup_nrf52.o(.text)
    DebugMonitor_Handler                     0x00000519   Thumb Code     2  arm_startup_nrf52.o(.text)
    PendSV_Handler                           0x0000051b   Thumb Code     2  arm_startup_nrf52.o(.text)
    SysTick_Handler                          0x0000051d   Thumb Code     2  arm_startup_nrf52.o(.text)
    CCM_AAR_IRQHandler                       0x0000051f   Thumb Code     0  arm_startup_nrf52.o(.text)
    COMP_LPCOMP_IRQHandler                   0x0000051f   Thumb Code     0  arm_startup_nrf52.o(.text)
    ECB_IRQHandler                           0x0000051f   Thumb Code     0  arm_startup_nrf52.o(.text)
    FPU_IRQHandler                           0x0000051f   Thumb Code     0  arm_startup_nrf52.o(.text)
    I2S_IRQHandler                           0x0000051f   Thumb Code     0  arm_startup_nrf52.o(.text)
    MWU_IRQHandler                           0x0000051f   Thumb Code     0  arm_startup_nrf52.o(.text)
    NFCT_IRQHandler                          0x0000051f   Thumb Code     0  arm_startup_nrf52.o(.text)
    PDM_IRQHandler                           0x0000051f   Thumb Code     0  arm_startup_nrf52.o(.text)
    QDEC_IRQHandler                          0x0000051f   Thumb Code     0  arm_startup_nrf52.o(.text)
    RADIO_IRQHandler                         0x0000051f   Thumb Code     0  arm_startup_nrf52.o(.text)
    RNG_IRQHandler                           0x0000051f   Thumb Code     0  arm_startup_nrf52.o(.text)
    RTC0_IRQHandler                          0x0000051f   Thumb Code     0  arm_startup_nrf52.o(.text)
    RTC2_IRQHandler                          0x0000051f   Thumb Code     0  arm_startup_nrf52.o(.text)
    SAADC_IRQHandler                         0x0000051f   Thumb Code     0  arm_startup_nrf52.o(.text)
    SPIM0_SPIS0_TWIM0_TWIS0_SPI0_TWI0_IRQHandler 0x0000051f   Thumb Code     0  arm_startup_nrf52.o(.text)
    SPIM1_SPIS1_TWIM1_TWIS1_SPI1_TWI1_IRQHandler 0x0000051f   Thumb Code     0  arm_startup_nrf52.o(.text)
    SPIM2_SPIS2_SPI2_IRQHandler              0x0000051f   Thumb Code     0  arm_startup_nrf52.o(.text)
    SWI1_EGU1_IRQHandler                     0x0000051f   Thumb Code     0  arm_startup_nrf52.o(.text)
    SWI2_EGU2_IRQHandler                     0x0000051f   Thumb Code     0  arm_startup_nrf52.o(.text)
    SWI3_EGU3_IRQHandler                     0x0000051f   Thumb Code     0  arm_startup_nrf52.o(.text)
    SWI4_EGU4_IRQHandler                     0x0000051f   Thumb Code     0  arm_startup_nrf52.o(.text)
    SWI5_EGU5_IRQHandler                     0x0000051f   Thumb Code     0  arm_startup_nrf52.o(.text)
    TEMP_IRQHandler                          0x0000051f   Thumb Code     0  arm_startup_nrf52.o(.text)
    TIMER0_IRQHandler                        0x0000051f   Thumb Code     0  arm_startup_nrf52.o(.text)
    TIMER1_IRQHandler                        0x0000051f   Thumb Code     0  arm_startup_nrf52.o(.text)
    TIMER2_IRQHandler                        0x0000051f   Thumb Code     0  arm_startup_nrf52.o(.text)
    TIMER3_IRQHandler                        0x0000051f   Thumb Code     0  arm_startup_nrf52.o(.text)
    TIMER4_IRQHandler                        0x0000051f   Thumb Code     0  arm_startup_nrf52.o(.text)
    WDT_IRQHandler                           0x0000051f   Thumb Code     0  arm_startup_nrf52.o(.text)
    __scatterload                            0x00000529   Thumb Code    28  init.o(.text)
    __scatterload_rt2                        0x00000529   Thumb Code     0  init.o(.text)
    GPIOTE_IRQHandler                        0x0000054d   Thumb Code   420  nrf_drv_gpiote.o(i.GPIOTE_IRQHandler)
    POWER_CLOCK_IRQHandler                   0x0000074d   Thumb Code    84  nrf_drv_clock.o(i.POWER_CLOCK_IRQHandler)
    PWM0_IRQHandler                          0x000007a5   Thumb Code    12  nrf_drv_pwm.o(i.PWM0_IRQHandler)
    PWM1_IRQHandler                          0x000007b9   Thumb Code    12  nrf_drv_pwm.o(i.PWM1_IRQHandler)
    PWM2_IRQHandler                          0x000007cd   Thumb Code    12  nrf_drv_pwm.o(i.PWM2_IRQHandler)
    RTC1_IRQHandler                          0x000007e1   Thumb Code    44  app_timer.o(i.RTC1_IRQHandler)
    SWI0_EGU0_IRQHandler                     0x00000815   Thumb Code     8  app_timer.o(i.SWI0_EGU0_IRQHandler)
    SystemCoreClockUpdate                    0x0000081d   Thumb Code     8  system_nrf52.o(i.SystemCoreClockUpdate)
    SystemInit                               0x0000082d   Thumb Code   512  system_nrf52.o(i.SystemInit)
    UARTE0_UART0_IRQHandler                  0x00000a61   Thumb Code    20  nrf_drv_uart.o(i.UARTE0_UART0_IRQHandler)
    __scatterload_copy                       0x00000a79   Thumb Code    14  handlers.o(i.__scatterload_copy)
    __scatterload_null                       0x00000a87   Thumb Code     2  handlers.o(i.__scatterload_null)
    __scatterload_zeroinit                   0x00000a89   Thumb Code    14  handlers.o(i.__scatterload_zeroinit)
    app_error_fault_handler                  0x00000a99   Thumb Code    60  app_error_weak.o(i.app_error_fault_handler)
    app_error_handler_bare                   0x00000add   Thumb Code    28  app_error.o(i.app_error_handler_bare)
    main                                     0x00001069   Thumb Code   112  main.o(i.main)
    nrf_delay_ms                             0x00001109   Thumb Code    26  nrf_delay.o(i.nrf_delay_ms)
    nrf_drv_WS2812_init                      0x00001125   Thumb Code   142  nrf_drv_ws2812.o(i.nrf_drv_WS2812_init)
    nrf_drv_WS2812_set_pixel                 0x000011c5   Thumb Code    28  nrf_drv_ws2812.o(i.nrf_drv_WS2812_set_pixel)
    nrf_drv_WS2812_show                      0x000011e5   Thumb Code   256  nrf_drv_ws2812.o(i.nrf_drv_WS2812_show)
    Region$$Table$$Base                      0x00001a0c   Number         0  anon$$obj.o(Region$$Table)
    Region$$Table$$Limit                     0x00001a2c   Number         0  anon$$obj.o(Region$$Table)
    SystemCoreClock                          0x20000024   Data           4  system_nrf52.o(.data)
    __initial_sp                             0x20003510   Data           0  arm_startup_nrf52.o(STACK)



==============================================================================

Memory Map of the image

  Image Entry point : 0x00000401

  Load Region LR_IROM1 (Base: 0x00000000, Size: 0x00001a54, Max: 0x00080000, ABSOLUTE)

    Execution Region ER_IROM1 (Base: 0x00000000, Size: 0x00001a2c, Max: 0x00080000, ABSOLUTE)

    Base Addr    Size         Type   Attr      Idx    E Section Name        Object

    0x00000000   0x00000400   Data   RO         1967    RESET               arm_startup_nrf52.o
    0x00000400   0x00000000   Code   RO         2043  * .ARM.Collect$$$$00000000  mc_w.l(entry.o)
    0x00000400   0x00000004   Code   RO         2050    .ARM.Collect$$$$00000001  mc_w.l(entry2.o)
    0x00000404   0x00000004   Code   RO         2053    .ARM.Collect$$$$00000004  mc_w.l(entry5.o)
    0x00000408   0x00000000   Code   RO         2055    .ARM.Collect$$$$00000008  mc_w.l(entry7b.o)
    0x00000408   0x00000000   Code   RO         2057    .ARM.Collect$$$$0000000A  mc_w.l(entry8b.o)
    0x00000408   0x00000008   Code   RO         2058    .ARM.Collect$$$$0000000B  mc_w.l(entry9a.o)
    0x00000410   0x00000000   Code   RO         2060    .ARM.Collect$$$$0000000D  mc_w.l(entry10a.o)
    0x00000410   0x00000000   Code   RO         2062    .ARM.Collect$$$$0000000F  mc_w.l(entry11a.o)
    0x00000410   0x00000004   Code   RO         2051    .ARM.Collect$$$$00002712  mc_w.l(entry2.o)
    0x00000414   0x00000076   Code   RO          391    .emb_text           nrf_delay.o
    0x0000048a   0x00000002   PAD
    0x0000048c   0x00000076   Code   RO         1634    .emb_text           app_timer.o
    0x00000502   0x00000002   PAD
    0x00000504   0x00000024   Code   RO         1968    .text               arm_startup_nrf52.o
    0x00000528   0x00000024   Code   RO         2064    .text               mc_w.l(init.o)
    0x0000054c   0x000001b8   Code   RO          632    i.GPIOTE_IRQHandler  nrf_drv_gpiote.o
    0x00000704   0x00000018   Code   RO         1635    i.NVIC_ClearPendingIRQ  app_timer.o
    0x0000071c   0x00000016   Code   RO         1636    i.NVIC_EnableIRQ    app_timer.o
    0x00000732   0x00000002   PAD
    0x00000734   0x00000018   Code   RO         1637    i.NVIC_SetPendingIRQ  app_timer.o
    0x0000074c   0x00000058   Code   RO          419    i.POWER_CLOCK_IRQHandler  nrf_drv_clock.o
    0x000007a4   0x00000014   Code   RO          871    i.PWM0_IRQHandler   nrf_drv_pwm.o
    0x000007b8   0x00000014   Code   RO          872    i.PWM1_IRQHandler   nrf_drv_pwm.o
    0x000007cc   0x00000014   Code   RO          873    i.PWM2_IRQHandler   nrf_drv_pwm.o
    0x000007e0   0x00000034   Code   RO         1639    i.RTC1_IRQHandler   app_timer.o
    0x00000814   0x00000008   Code   RO         1640    i.SWI0_EGU0_IRQHandler  app_timer.o
    0x0000081c   0x00000010   Code   RO         1975    i.SystemCoreClockUpdate  system_nrf52.o
    0x0000082c   0x00000234   Code   RO         1976    i.SystemInit        system_nrf52.o
    0x00000a60   0x00000018   Code   RO         1028    i.UARTE0_UART0_IRQHandler  nrf_drv_uart.o
    0x00000a78   0x0000000e   Code   RO         2068    i.__scatterload_copy  mc_w.l(handlers.o)
    0x00000a86   0x00000002   Code   RO         2069    i.__scatterload_null  mc_w.l(handlers.o)
    0x00000a88   0x0000000e   Code   RO         2070    i.__scatterload_zeroinit  mc_w.l(handlers.o)
    0x00000a96   0x00000002   PAD
    0x00000a98   0x00000044   Code   RO         1523    i.app_error_fault_handler  app_error_weak.o
    0x00000adc   0x0000001c   Code   RO         1484    i.app_error_handler_bare  app_error.o
    0x00000af8   0x00000010   Code   RO          634    i.channel_handler_get  nrf_drv_gpiote.o
    0x00000b08   0x0000000c   Code   RO          636    i.channel_port_get  nrf_drv_gpiote.o
    0x00000b14   0x00000024   Code   RO          420    i.clock_clk_started_notify  nrf_drv_clock.o
    0x00000b38   0x00000090   Code   RO         1648    i.compare_reg_update  app_timer.o
    0x00000bc8   0x00000064   Code   RO         1649    i.elapsed_ticks_acquire  app_timer.o
    0x00000c2c   0x00000030   Code   RO         1977    i.errata_16         system_nrf52.o
    0x00000c5c   0x00000054   Code   RO         1978    i.errata_31         system_nrf52.o
    0x00000cb0   0x00000030   Code   RO         1979    i.errata_32         system_nrf52.o
    0x00000ce0   0x00000054   Code   RO         1980    i.errata_36         system_nrf52.o
    0x00000d34   0x00000030   Code   RO         1981    i.errata_37         system_nrf52.o
    0x00000d64   0x00000030   Code   RO         1982    i.errata_57         system_nrf52.o
    0x00000d94   0x00000030   Code   RO         1983    i.errata_66         system_nrf52.o
    0x00000dc4   0x00000058   Code   RO         1650    i.expired_timers_handler  app_timer.o
    0x00000e1c   0x0000009a   Code   RO          875    i.irq_handler       nrf_drv_pwm.o
    0x00000eb6   0x0000000c   Code   RO          423    i.item_dequeue      nrf_drv_clock.o
    0x00000ec2   0x00000002   PAD
    0x00000ec4   0x00000098   Code   RO         1651    i.list_deletions_handler  app_timer.o
    0x00000f5c   0x0000010c   Code   RO         1652    i.list_insertions_handler  app_timer.o
    0x00001068   0x00000070   Code   RO            5    i.main              main.o
    0x000010d8   0x00000012   Code   RO          427    i.nrf_clock_event_check  nrf_drv_clock.o
    0x000010ea   0x00000012   Code   RO          428    i.nrf_clock_event_clear  nrf_drv_clock.o
    0x000010fc   0x0000000c   Code   RO          430    i.nrf_clock_int_disable  nrf_drv_clock.o
    0x00001108   0x0000001a   Code   RO          392    i.nrf_delay_ms      nrf_delay.o
    0x00001122   0x00000002   PAD
    0x00001124   0x000000a0   Code   RO           89    i.nrf_drv_WS2812_init  nrf_drv_ws2812.o
    0x000011c4   0x00000020   Code   RO           90    i.nrf_drv_WS2812_set_pixel  nrf_drv_ws2812.o
    0x000011e4   0x0000010c   Code   RO           91    i.nrf_drv_WS2812_show  nrf_drv_ws2812.o
    0x000012f0   0x00000024   Code   RO          658    i.nrf_gpio_cfg_sense_set  nrf_drv_gpiote.o
    0x00001314   0x0000000c   Code   RO          661    i.nrf_gpiote_event_addr_get  nrf_drv_gpiote.o
    0x00001320   0x0000001c   Code   RO          662    i.nrf_gpiote_event_clear  nrf_drv_gpiote.o
    0x0000133c   0x00000016   Code   RO          663    i.nrf_gpiote_event_is_set  nrf_drv_gpiote.o
    0x00001352   0x0000000e   Code   RO          883    i.nrf_pwm_event_check  nrf_drv_pwm.o
    0x00001360   0x00000006   Code   RO          884    i.nrf_pwm_event_clear  nrf_drv_pwm.o
    0x00001366   0x00000012   Code   RO          885    i.nrf_pwm_int_enable_check  nrf_drv_pwm.o
    0x00001378   0x0000000c   Code   RO         1049    i.nrf_uart_errorsrc_get_and_clear  nrf_drv_uart.o
    0x00001384   0x0000000e   Code   RO         1050    i.nrf_uart_event_check  nrf_drv_uart.o
    0x00001392   0x00000006   Code   RO         1051    i.nrf_uart_event_clear  nrf_drv_uart.o
    0x00001398   0x00000006   Code   RO         1053    i.nrf_uart_int_disable  nrf_drv_uart.o
    0x0000139e   0x00000012   Code   RO         1055    i.nrf_uart_int_enable_check  nrf_drv_uart.o
    0x000013b0   0x00000006   Code   RO         1056    i.nrf_uart_task_trigger  nrf_drv_uart.o
    0x000013b6   0x0000000c   Code   RO         1058    i.nrf_uarte_errorsrc_get_and_clear  nrf_drv_uart.o
    0x000013c2   0x0000000e   Code   RO         1059    i.nrf_uarte_event_check  nrf_drv_uart.o
    0x000013d0   0x00000006   Code   RO         1060    i.nrf_uarte_event_clear  nrf_drv_uart.o
    0x000013d6   0x0000000a   Code   RO         1064    i.nrf_uarte_rx_amount_get  nrf_drv_uart.o
    0x000013e0   0x0000000c   Code   RO         1653    i.rtc1_compare0_set  app_timer.o
    0x000013ec   0x0000000c   Code   RO         1654    i.rtc1_counter_get  app_timer.o
    0x000013f8   0x0000003c   Code   RO         1656    i.rtc1_start        app_timer.o
    0x00001434   0x00000058   Code   RO         1657    i.rtc1_stop         app_timer.o
    0x0000148c   0x00000050   Code   RO         1068    i.rx_byte           nrf_drv_uart.o
    0x000014dc   0x00000024   Code   RO         1069    i.rx_done_event     nrf_drv_uart.o
    0x00001500   0x0000000a   Code   RO         1658    i.ticks_diff_get    app_timer.o
    0x0000150a   0x00000002   PAD
    0x0000150c   0x00000038   Code   RO         1659    i.timeout_handler_exec  app_timer.o
    0x00001544   0x00000054   Code   RO         1660    i.timer_list_handler  app_timer.o
    0x00001598   0x0000000a   Code   RO         1661    i.timer_list_handler_sched  app_timer.o
    0x000015a2   0x00000002   PAD
    0x000015a4   0x00000068   Code   RO         1662    i.timer_list_insert  app_timer.o
    0x0000160c   0x0000006c   Code   RO         1663    i.timer_list_remove  app_timer.o
    0x00001678   0x00000098   Code   RO         1667    i.timer_timeouts_check  app_timer.o
    0x00001710   0x0000000a   Code   RO         1668    i.timer_timeouts_check_sched  app_timer.o
    0x0000171a   0x00000002   PAD
    0x0000171c   0x00000038   Code   RO         1071    i.tx_byte           nrf_drv_uart.o
    0x00001754   0x0000002c   Code   RO         1072    i.tx_done_event     nrf_drv_uart.o
    0x00001780   0x00000160   Code   RO         1073    i.uart_irq_handler  nrf_drv_uart.o
    0x000018e0   0x0000012c   Code   RO         1074    i.uarte_irq_handler  nrf_drv_uart.o
    0x00001a0c   0x00000020   Data   RO         2066    Region$$Table       anon$$obj.o


    Execution Region RW_IRAM1 (Base: 0x20000000, Size: 0x00003510, Max: 0x00010000, ABSOLUTE)

    Base Addr    Size         Type   Attr      Idx    E Section Name        Object

    0x20000000   0x00000022   Data   RW         1672    .data               app_timer.o
    0x20000022   0x00000002   PAD
    0x20000024   0x00000004   Data   RW         1984    .data               system_nrf52.o
    0x20000028   0x00001440   Zero   RW           92    .bss                nrf_drv_ws2812.o
    0x20001468   0x00000014   Zero   RW          445    .bss                nrf_drv_clock.o
    0x2000147c   0x00000058   Zero   RW          670    .bss                nrf_drv_gpiote.o
    0x200014d4   0x00000018   Zero   RW          892    .bss                nrf_drv_pwm.o
    0x200014ec   0x00000020   Zero   RW         1075    .bss                nrf_drv_uart.o
    0x2000150c   0x00000004   PAD
    0x20001510   0x00002000   Zero   RW         1965    STACK               arm_startup_nrf52.o


==============================================================================

Image component sizes


      Code (inc. data)   RO Data    RW Data    ZI Data      Debug   Object Name

        28          0          0          0          0       2193   app_error.o
        68          8          0          0          0      27349   app_error_weak.o
      1706        200          0         34          0      45444   app_timer.o
        36          8       1024          0       8192        900   arm_startup_nrf52.o
         0          0          0          0          0       3188   bsp.o
       112          0          0          0          0      34659   main.o
       144          0          0          0          0       1799   nrf_delay.o
       184         10          0          0         20      10089   nrf_drv_clock.o
         0          0          0          0          0       1228   nrf_drv_common.o
       566         38          0          0         88      15832   nrf_drv_gpiote.o
       252         24          0          0         24      13062   nrf_drv_pwm.o
       996         66          0          0         32      22062   nrf_drv_uart.o
       460         34          0          0       5184       6551   nrf_drv_ws2812.o
       988        102          0          4          0       5747   system_nrf52.o

    ----------------------------------------------------------------------
      5556        490       1056         40      13544     190103   Object Totals
         0          0         32          0          0          0   (incl. Generated)
        16          0          0          2          4          0   (incl. Padding)

    ----------------------------------------------------------------------

      Code (inc. data)   RO Data    RW Data    ZI Data      Debug   Library Member Name

         0          0          0          0          0          0   entry.o
         0          0          0          0          0          0   entry10a.o
         0          0          0          0          0          0   entry11a.o
         8          4          0          0          0          0   entry2.o
         4          0          0          0          0          0   entry5.o
         0          0          0          0          0          0   entry7b.o
         0          0          0          0          0          0   entry8b.o
         8          4          0          0          0          0   entry9a.o
        30          0          0          0          0          0   handlers.o
        36          8          0          0          0         68   init.o

    ----------------------------------------------------------------------
        88         16          0          0          0         68   Library Totals
         2          0          0          0          0          0   (incl. Padding)

    ----------------------------------------------------------------------

      Code (inc. data)   RO Data    RW Data    ZI Data      Debug   Library Name

        86         16          0          0          0         68   mc_w.l

    ----------------------------------------------------------------------
        88         16          0          0          0         68   Library Totals

    ----------------------------------------------------------------------

==============================================================================


      Code (inc. data)   RO Data    RW Data    ZI Data      Debug   

      5644        506       1056         40      13544     182975   Grand Totals
      5644        506       1056         40      13544     182975   ELF Image Totals
      5644        506       1056         40          0          0   ROM Totals

==============================================================================

    Total RO  Size (Code + RO Data)                 6700 (   6.54kB)
    Total RW  Size (RW Data + ZI Data)             13584 (  13.27kB)
    Total ROM Size (Code + RO Data + RW Data)       6740 (   6.58kB)

==============================================================================

